Archive member included to satisfy reference by file (symbol)

c:/st/stm32cubeide_1.7.0/stm32cubeide/plugins/com.st.stm32cube.ide.mcu.externaltools.gnu-tools-for-stm32.9-2020-q2-update.win32_2.0.0.202105311346/tools/bin/../lib/gcc/arm-none-eabi/9.3.1/../../../../arm-none-eabi/lib/thumb/v7-m/nofp\libc_nano.a(lib_a-errno.o)
                              ./Core/Src/syscalls.o (__errno)
c:/st/stm32cubeide_1.7.0/stm32cubeide/plugins/com.st.stm32cube.ide.mcu.externaltools.gnu-tools-for-stm32.9-2020-q2-update.win32_2.0.0.202105311346/tools/bin/../lib/gcc/arm-none-eabi/9.3.1/../../../../arm-none-eabi/lib/thumb/v7-m/nofp\libc_nano.a(lib_a-exit.o)
                              c:/st/stm32cubeide_1.7.0/stm32cubeide/plugins/com.st.stm32cube.ide.mcu.externaltools.gnu-tools-for-stm32.9-2020-q2-update.win32_2.0.0.202105311346/tools/bin/../lib/gcc/arm-none-eabi/9.3.1/../../../../arm-none-eabi/lib/thumb/v7-m/nofp/crt0.o (exit)
c:/st/stm32cubeide_1.7.0/stm32cubeide/plugins/com.st.stm32cube.ide.mcu.externaltools.gnu-tools-for-stm32.9-2020-q2-update.win32_2.0.0.202105311346/tools/bin/../lib/gcc/arm-none-eabi/9.3.1/../../../../arm-none-eabi/lib/thumb/v7-m/nofp\libc_nano.a(lib_a-impure.o)
                              c:/st/stm32cubeide_1.7.0/stm32cubeide/plugins/com.st.stm32cube.ide.mcu.externaltools.gnu-tools-for-stm32.9-2020-q2-update.win32_2.0.0.202105311346/tools/bin/../lib/gcc/arm-none-eabi/9.3.1/../../../../arm-none-eabi/lib/thumb/v7-m/nofp\libc_nano.a(lib_a-exit.o) (_global_impure_ptr)
c:/st/stm32cubeide_1.7.0/stm32cubeide/plugins/com.st.stm32cube.ide.mcu.externaltools.gnu-tools-for-stm32.9-2020-q2-update.win32_2.0.0.202105311346/tools/bin/../lib/gcc/arm-none-eabi/9.3.1/../../../../arm-none-eabi/lib/thumb/v7-m/nofp\libc_nano.a(lib_a-init.o)
                              c:/st/stm32cubeide_1.7.0/stm32cubeide/plugins/com.st.stm32cube.ide.mcu.externaltools.gnu-tools-for-stm32.9-2020-q2-update.win32_2.0.0.202105311346/tools/bin/../lib/gcc/arm-none-eabi/9.3.1/../../../../arm-none-eabi/lib/thumb/v7-m/nofp/crt0.o (__libc_init_array)
c:/st/stm32cubeide_1.7.0/stm32cubeide/plugins/com.st.stm32cube.ide.mcu.externaltools.gnu-tools-for-stm32.9-2020-q2-update.win32_2.0.0.202105311346/tools/bin/../lib/gcc/arm-none-eabi/9.3.1/../../../../arm-none-eabi/lib/thumb/v7-m/nofp\libc_nano.a(lib_a-malloc.o)
                              ./Core/Src/sched.o (malloc)
c:/st/stm32cubeide_1.7.0/stm32cubeide/plugins/com.st.stm32cube.ide.mcu.externaltools.gnu-tools-for-stm32.9-2020-q2-update.win32_2.0.0.202105311346/tools/bin/../lib/gcc/arm-none-eabi/9.3.1/../../../../arm-none-eabi/lib/thumb/v7-m/nofp\libc_nano.a(lib_a-memset.o)
                              c:/st/stm32cubeide_1.7.0/stm32cubeide/plugins/com.st.stm32cube.ide.mcu.externaltools.gnu-tools-for-stm32.9-2020-q2-update.win32_2.0.0.202105311346/tools/bin/../lib/gcc/arm-none-eabi/9.3.1/../../../../arm-none-eabi/lib/thumb/v7-m/nofp/crt0.o (memset)
c:/st/stm32cubeide_1.7.0/stm32cubeide/plugins/com.st.stm32cube.ide.mcu.externaltools.gnu-tools-for-stm32.9-2020-q2-update.win32_2.0.0.202105311346/tools/bin/../lib/gcc/arm-none-eabi/9.3.1/../../../../arm-none-eabi/lib/thumb/v7-m/nofp\libc_nano.a(lib_a-nano-freer.o)
                              c:/st/stm32cubeide_1.7.0/stm32cubeide/plugins/com.st.stm32cube.ide.mcu.externaltools.gnu-tools-for-stm32.9-2020-q2-update.win32_2.0.0.202105311346/tools/bin/../lib/gcc/arm-none-eabi/9.3.1/../../../../arm-none-eabi/lib/thumb/v7-m/nofp\libc_nano.a(lib_a-malloc.o) (_free_r)
c:/st/stm32cubeide_1.7.0/stm32cubeide/plugins/com.st.stm32cube.ide.mcu.externaltools.gnu-tools-for-stm32.9-2020-q2-update.win32_2.0.0.202105311346/tools/bin/../lib/gcc/arm-none-eabi/9.3.1/../../../../arm-none-eabi/lib/thumb/v7-m/nofp\libc_nano.a(lib_a-nano-mallocr.o)
                              c:/st/stm32cubeide_1.7.0/stm32cubeide/plugins/com.st.stm32cube.ide.mcu.externaltools.gnu-tools-for-stm32.9-2020-q2-update.win32_2.0.0.202105311346/tools/bin/../lib/gcc/arm-none-eabi/9.3.1/../../../../arm-none-eabi/lib/thumb/v7-m/nofp\libc_nano.a(lib_a-malloc.o) (_malloc_r)
c:/st/stm32cubeide_1.7.0/stm32cubeide/plugins/com.st.stm32cube.ide.mcu.externaltools.gnu-tools-for-stm32.9-2020-q2-update.win32_2.0.0.202105311346/tools/bin/../lib/gcc/arm-none-eabi/9.3.1/../../../../arm-none-eabi/lib/thumb/v7-m/nofp\libc_nano.a(lib_a-sbrkr.o)
                              c:/st/stm32cubeide_1.7.0/stm32cubeide/plugins/com.st.stm32cube.ide.mcu.externaltools.gnu-tools-for-stm32.9-2020-q2-update.win32_2.0.0.202105311346/tools/bin/../lib/gcc/arm-none-eabi/9.3.1/../../../../arm-none-eabi/lib/thumb/v7-m/nofp\libc_nano.a(lib_a-nano-mallocr.o) (_sbrk_r)
c:/st/stm32cubeide_1.7.0/stm32cubeide/plugins/com.st.stm32cube.ide.mcu.externaltools.gnu-tools-for-stm32.9-2020-q2-update.win32_2.0.0.202105311346/tools/bin/../lib/gcc/arm-none-eabi/9.3.1/../../../../arm-none-eabi/lib/thumb/v7-m/nofp\libc_nano.a(lib_a-mlock.o)
[...]
Memory Configuration

Name             Origin             Length             Attributes
RAM              0x0000000020000000 0x0000000000005000 xrw
FLASH            0x0000000008000000 0x0000000000020000 xr
*default*        0x0000000000000000 0xffffffffffffffff

Linker script and memory map

LOAD c:/st/stm32cubeide_1.7.0/stm32cubeide/plugins/com.st.stm32cube.ide.mcu.externaltools.gnu-tools-for-stm32.9-2020-q2-update.win32_2.0.0.202105311346/tools/bin/../lib/gcc/arm-none-eabi/9.3.1/thumb/v7-m/nofp/crti.o
LOAD c:/st/stm32cubeide_1.7.0/stm32cubeide/plugins/com.st.stm32cube.ide.mcu.externaltools.gnu-tools-for-stm32.9-2020-q2-update.win32_2.0.0.202105311346/tools/bin/../lib/gcc/arm-none-eabi/9.3.1/thumb/v7-m/nofp/crtbegin.o
LOAD c:/st/stm32cubeide_1.7.0/stm32cubeide/plugins/com.st.stm32cube.ide.mcu.externaltools.gnu-tools-for-stm32.9-2020-q2-update.win32_2.0.0.202105311346/tools/bin/../lib/gcc/arm-none-eabi/9.3.1/../../../../arm-none-eabi/lib/thumb/v7-m/nofp/crt0.o
LOAD ./Core/Src/button.o
LOAD ./Core/Src/display7SEG.o
LOAD ./Core/Src/fsm_traffic_light.o
LOAD ./Core/Src/global.o
LOAD ./Core/Src/i2c-lcd.o
LOAD ./Core/Src/main.o
LOAD ./Core/Src/sched.o
LOAD ./Core/Src/software_timer.o
LOAD ./Core/Src/stm32f1xx_hal_msp.o
LOAD ./Core/Src/stm32f1xx_it.o
LOAD ./Core/Src/syscalls.o
LOAD ./Core/Src/sysmem.o
LOAD ./Core/Src/system_stm32f1xx.o
LOAD ./Core/Startup/startup_stm32f103rbtx.o
LOAD ./Drivers/STM32F1xx_HAL_Driver/Src/stm32f1xx_hal.o
LOAD ./Drivers/STM32F1xx_HAL_Driver/Src/stm32f1xx_hal_cortex.o
LOAD ./Drivers/STM32F1xx_HAL_Driver/Src/stm32f1xx_hal_dma.o
LOAD ./Drivers/STM32F1xx_HAL_Driver/Src/stm32f1xx_hal_exti.o
LOAD ./Drivers/STM32F1xx_HAL_Driver/Src/stm32f1xx_hal_flash.o
LOAD ./Drivers/STM32F1xx_HAL_Driver/Src/stm32f1xx_hal_flash_ex.o
LOAD ./Drivers/STM32F1xx_HAL_Driver/Src/stm32f1xx_hal_gpio.o
LOAD ./Drivers/STM32F1xx_HAL_Driver/Src/stm32f1xx_hal_gpio_ex.o
LOAD ./Drivers/STM32F1xx_HAL_Driver/Src/stm32f1xx_hal_i2c.o
LOAD ./Drivers/STM32F1xx_HAL_Driver/Src/stm32f1xx_hal_pwr.o
LOAD ./Drivers/STM32F1xx_HAL_Driver/Src/stm32f1xx_hal_rcc.o
LOAD ./Drivers/STM32F1xx_HAL_Driver/Src/stm32f1xx_hal_rcc_ex.o
LOAD ./Drivers/STM32F1xx_HAL_Driver/Src/stm32f1xx_hal_tim.o
LOAD ./Drivers/STM32F1xx_HAL_Driver/Src/stm32f1xx_hal_tim_ex.o
START GROUP
LOAD c:/st/stm32cubeide_1.7.0/stm32cubeide/plugins/com.st.stm32cube.ide.mcu.externaltools.gnu-tools-for-stm32.9-2020-q2-update.win32_2.0.0.202105311346/tools/bin/../lib/gcc/arm-none-eabi/9.3.1/../../../../arm-none-eabi/lib/thumb/v7-m/nofp\libc_nano.a
LOAD c:/st/stm32cubeide_1.7.0/stm32cubeide/plugins/com.st.stm32cube.ide.mcu.externaltools.gnu-tools-for-stm32.9-2020-q2-update.win32_2.0.0.202105311346/tools/bin/../lib/gcc/arm-none-eabi/9.3.1/../../../../arm-none-eabi/lib/thumb/v7-m/nofp\libm.a
END GROUP
START GROUP
LOAD c:/st/stm32cubeide_1.7.0/stm32cubeide/plugins/com.st.stm32cube.ide.mcu.externaltools.gnu-tools-for-stm32.9-2020-q2-update.win32_2.0.0.202105311346/tools/bin/../lib/gcc/arm-none-eabi/9.3.1/thumb/v7-m/nofp\libgcc.a
LOAD c:/st/stm32cubeide_1.7.0/stm32cubeide/plugins/com.st.stm32cube.ide.mcu.externaltools.gnu-tools-for-stm32.9-2020-q2-update.win32_2.0.0.202105311346/tools/bin/../lib/gcc/arm-none-eabi/9.3.1/../../../../arm-none-eabi/lib/thumb/v7-m/nofp\libc_nano.a
END GROUP
START GROUP
LOAD c:/st/stm32cubeide_1.7.0/stm32cubeide/plugins/com.st.stm32cube.ide.mcu.externaltools.gnu-tools-for-stm32.9-2020-q2-update.win32_2.0.0.202105311346/tools/bin/../lib/gcc/arm-none-eabi/9.3.1/thumb/v7-m/nofp\libgcc.a
LOAD c:/st/stm32cubeide_1.7.0/stm32cubeide/plugins/com.st.stm32cube.ide.mcu.externaltools.gnu-tools-for-stm32.9-2020-q2-update.win32_2.0.0.202105311346/tools/bin/../lib/gcc/arm-none-eabi/9.3.1/../../../../arm-none-eabi/lib/thumb/v7-m/nofp\libc_nano.a
LOAD c:/st/stm32cubeide_1.7.0/stm32cubeide/plugins/com.st.stm32cube.ide.mcu.externaltools.gnu-tools-for-stm32.9-2020-q2-update.win32_2.0.0.202105311346/tools/bin/../lib/gcc/arm-none-eabi/9.3.1/../../../../arm-none-eabi/lib/thumb/v7-m/nofp\libnosys.a
END GROUP
START GROUP
LOAD c:/st/stm32cubeide_1.7.0/stm32cubeide/plugins/com.st.stm32cube.ide.mcu.externaltools.gnu-tools-for-stm32.9-2020-q2-update.win32_2.0.0.202105311346/tools/bin/../lib/gcc/arm-none-eabi/9.3.1/thumb/v7-m/nofp\libgcc.a
LOAD c:/st/stm32cubeide_1.7.0/stm32cubeide/plugins/com.st.stm32cube.ide.mcu.externaltools.gnu-tools-for-stm32.9-2020-q2-update.win32_2.0.0.202105311346/tools/bin/../lib/gcc/arm-none-eabi/9.3.1/../../../../arm-none-eabi/lib/thumb/v7-m/nofp\libc_nano.a
LOAD c:/st/stm32cubeide_1.7.0/stm32cubeide/plugins/com.st.stm32cube.ide.mcu.externaltools.gnu-tools-for-stm32.9-2020-q2-update.win32_2.0.0.202105311346/tools/bin/../lib/gcc/arm-none-eabi/9.3.1/../../../../arm-none-eabi/lib/thumb/v7-m/nofp\libnosys.a
END GROUP
LOAD c:/st/stm32cubeide_1.7.0/stm32cubeide/plugins/com.st.stm32cube.ide.mcu.externaltools.gnu-tools-for-stm32.9-2020-q2-update.win32_2.0.0.202105311346/tools/bin/../lib/gcc/arm-none-eabi/9.3.1/thumb/v7-m/nofp/crtend.o
LOAD c:/st/stm32cubeide_1.7.0/stm32cubeide/plugins/com.st.stm32cube.ide.mcu.externaltools.gnu-tools-for-stm32.9-2020-q2-update.win32_2.0.0.202105311346/tools/bin/../lib/gcc/arm-none-eabi/9.3.1/thumb/v7-m/nofp/crtn.o
                0x0000000020005000                _estack = (ORIGIN (RAM) + LENGTH (RAM))
                0x0000000000000200                _Min_Heap_Size = 0x200
                0x0000000000000400                _Min_Stack_Size = 0x400

.isr_vector     0x0000000008000000      0x10c
                0x0000000008000000                . = ALIGN (0x4)
 *(.isr_vector)
 .isr_vector    0x0000000008000000      0x10c ./Core/Startup/startup_stm32f103rbtx.o
                0x0000000008000000                g_pfnVectors
                0x000000000800010c                . = ALIGN (0x4)

.text           0x000000000800010c     0x403c
                0x000000000800010c                . = ALIGN (0x4)
 *(.text)
 .text          0x000000000800010c       0x40 c:/st/stm32cubeide_1.7.0/stm32cubeide/plugins/com.st.stm32cube.ide.mcu.externaltools.gnu-tools-for-stm32.9-2020-q2-update.win32_2.0.0.202105311346/tools/bin/../lib/gcc/arm-none-eabi/9.3.1/thumb/v7-m/nofp/crtbegin.o
 *(.text*)
 .text.isButtonPressed
                0x000000000800014c       0x34 ./Core/Src/button.o
                0x000000000800014c                isButtonPressed
 .text.subKeyProcess
                0x0000000008000180       0x20 ./Core/Src/button.o
                0x0000000008000180                subKeyProcess
 .text.getKeyInput
                0x00000000080001a0      0x1b4 ./Core/Src/button.o
                0x00000000080001a0                getKeyInput
 .text.toggleButton0
                0x0000000008000354       0x78 ./Core/Src/button.o
                0x0000000008000354                toggleButton0
 .text.toggleButton1
                0x00000000080003cc       0x78 ./Core/Src/button.o
                0x00000000080003cc                toggleButton1
 .text.toggleButton2
                0x0000000008000444       0x78 ./Core/Src/button.o
                0x0000000008000444                toggleButton2
 .text.toggleButton3
                0x00000000080004bc       0x78 ./Core/Src/button.o
                0x00000000080004bc                toggleButton3
 .text.display7SEG
                0x0000000008000534       0x64 ./Core/Src/display7SEG.o
                0x0000000008000534                display7SEG
 .text.update7SEG
                0x0000000008000598      0x10c ./Core/Src/display7SEG.o
                0x0000000008000598                update7SEG
 .text.updateLedBufferMode1
                0x00000000080006a4      0x290 ./Core/Src/display7SEG.o
                0x00000000080006a4                updateLedBufferMode1
 .text.fsm_perdes
                0x0000000008000934      0x11c ./Core/Src/fsm_traffic_light.o
                0x0000000008000934                fsm_perdes
 .text.setRed1  0x0000000008000a50       0x20 ./Core/Src/fsm_traffic_light.o
                0x0000000008000a50                setRed1
 .text.setGreen1
                0x0000000008000a70       0x20 ./Core/Src/fsm_traffic_light.o
                0x0000000008000a70                setGreen1
 .text.setAmber1
                0x0000000008000a90       0x20 ./Core/Src/fsm_traffic_light.o
                0x0000000008000a90                setAmber1
 .text.setRed2  0x0000000008000ab0        0xc ./Core/Src/fsm_traffic_light.o
                0x0000000008000ab0                setRed2
 .text.setGreen2
                0x0000000008000abc        0xc ./Core/Src/fsm_traffic_light.o
                0x0000000008000abc                setGreen2
 .text.setAmber2
                0x0000000008000ac8        0xc ./Core/Src/fsm_traffic_light.o
                0x0000000008000ac8                setAmber2
 .text.setNormalLedsForMode1
                0x0000000008000ad4       0x10 ./Core/Src/fsm_traffic_light.o
 .text.enterManualStep
                0x0000000008000ae4       0x6c ./Core/Src/fsm_traffic_light.o
 .text.fsm_traffic_light
                0x0000000008000b50      0x818 ./Core/Src/fsm_traffic_light.o
                0x0000000008000b50                fsm_traffic_light
 .text.lcd_send_cmd
                0x0000000008001368       0x60 ./Core/Src/i2c-lcd.o
                0x0000000008001368                lcd_send_cmd
 .text.lcd_send_data
                0x00000000080013c8       0x60 ./Core/Src/i2c-lcd.o
                0x00000000080013c8                lcd_send_data
 .text.lcd_init
                0x0000000008001428       0x5c ./Core/Src/i2c-lcd.o
                0x0000000008001428                lcd_init
 .text.lcd_send_string
                0x0000000008001484       0x2a ./Core/Src/i2c-lcd.o
                0x0000000008001484                lcd_send_string
 .text.lcd_clear_display
                0x00000000080014ae        0xe ./Core/Src/i2c-lcd.o
                0x00000000080014ae                lcd_clear_display
 .text.lcd_goto_XY
                0x00000000080014bc       0x42 ./Core/Src/i2c-lcd.o
                0x00000000080014bc                lcd_goto_XY
 *fill*         0x00000000080014fe        0x2 
 .text.main     0x0000000008001500       0x94 ./Core/Src/main.o
                0x0000000008001500                main
 .text.SystemClock_Config
                0x0000000008001594       0x76 ./Core/Src/main.o
                0x0000000008001594                SystemClock_Config
 *fill*         0x000000000800160a        0x2 
 .text.MX_I2C1_Init
                0x000000000800160c       0x5c ./Core/Src/main.o
 .text.MX_TIM2_Init
                0x0000000008001668       0x98 ./Core/Src/main.o
 .text.MX_GPIO_Init
                0x0000000008001700      0x134 ./Core/Src/main.o
 .text.HAL_TIM_PeriodElapsedCallback
                0x0000000008001834       0x14 ./Core/Src/main.o
                0x0000000008001834                HAL_TIM_PeriodElapsedCallback
 .text.Error_Handler
                0x0000000008001848        0xa ./Core/Src/main.o
                0x0000000008001848                Error_Handler
 *fill*         0x0000000008001852        0x2 
 .text.SCH_INIT
                0x0000000008001854       0x30 ./Core/Src/sched.o
                0x0000000008001854                SCH_INIT
 .text.SCH_Update
                0x0000000008001884       0x3c ./Core/Src/sched.o
                0x0000000008001884                SCH_Update
 .text.deleteTask
                0x00000000080018c0       0x90 ./Core/Src/sched.o
                0x00000000080018c0                deleteTask
 .text.SCH_Delete_Task
                0x0000000008001950       0x2c ./Core/Src/sched.o
                0x0000000008001950                SCH_Delete_Task
 .text.addTask  0x000000000800197c       0xb0 ./Core/Src/sched.o
                0x000000000800197c                addTask
 .text.SCH_Add_Task
                0x0000000008001a2c       0x5c ./Core/Src/sched.o
                0x0000000008001a2c                SCH_Add_Task
 .text.SCH_Dispatcher
                0x0000000008001a88       0x6c ./Core/Src/sched.o
                0x0000000008001a88                SCH_Dispatcher
 .text.setTime  0x0000000008001af4      0x144 ./Core/Src/sched.o
                0x0000000008001af4                setTime
 .text.SCH_Report_Status
                0x0000000008001c38        0xc ./Core/Src/sched.o
                0x0000000008001c38                SCH_Report_Status
 .text.setTimer
                0x0000000008001c44       0x3c ./Core/Src/software_timer.o
                0x0000000008001c44                setTimer
 .text.clearTimer
                0x0000000008001c80       0x30 ./Core/Src/software_timer.o
                0x0000000008001c80                clearTimer
 .text.timerRun
                0x0000000008001cb0       0x60 ./Core/Src/software_timer.o
                0x0000000008001cb0                timerRun
 .text.HAL_MspInit
                0x0000000008001d10       0x64 ./Core/Src/stm32f1xx_hal_msp.o
                0x0000000008001d10                HAL_MspInit
 .text.HAL_I2C_MspInit
                0x0000000008001d74       0xa0 ./Core/Src/stm32f1xx_hal_msp.o
                0x0000000008001d74                HAL_I2C_MspInit
 .text.HAL_TIM_Base_MspInit
                0x0000000008001e14       0x48 ./Core/Src/stm32f1xx_hal_msp.o
                0x0000000008001e14                HAL_TIM_Base_MspInit
 .text.NMI_Handler
                0x0000000008001e5c        0x6 ./Core/Src/stm32f1xx_it.o
                0x0000000008001e5c                NMI_Handler
 .text.HardFault_Handler
                0x0000000008001e62        0x6 ./Core/Src/stm32f1xx_it.o
                0x0000000008001e62                HardFault_Handler
 .text.MemManage_Handler
                0x0000000008001e68        0x6 ./Core/Src/stm32f1xx_it.o
                0x0000000008001e68                MemManage_Handler
 .text.BusFault_Handler
                0x0000000008001e6e        0x6 ./Core/Src/stm32f1xx_it.o
                0x0000000008001e6e                BusFault_Handler
 .text.UsageFault_Handler
                0x0000000008001e74        0x6 ./Core/Src/stm32f1xx_it.o
                0x0000000008001e74                UsageFault_Handler
 .text.SVC_Handler
                0x0000000008001e7a        0xc ./Core/Src/stm32f1xx_it.o
                0x0000000008001e7a                SVC_Handler
 .text.DebugMon_Handler
                0x0000000008001e86        0xc ./Core/Src/stm32f1xx_it.o
                0x0000000008001e86                DebugMon_Handler
 .text.PendSV_Handler
                0x0000000008001e92        0xc ./Core/Src/stm32f1xx_it.o
                0x0000000008001e92                PendSV_Handler
 .text.SysTick_Handler
                0x0000000008001e9e        0xc ./Core/Src/stm32f1xx_it.o
                0x0000000008001e9e                SysTick_Handler
 *fill*         0x0000000008001eaa        0x2 
 .text.TIM2_IRQHandler
                0x0000000008001eac       0x14 ./Core/Src/stm32f1xx_it.o
                0x0000000008001eac                TIM2_IRQHandler
 .text._sbrk    0x0000000008001ec0       0x6c ./Core/Src/sysmem.o
                0x0000000008001ec0                _sbrk
 .text.SystemInit
                0x0000000008001f2c        0xc ./Core/Src/system_stm32f1xx.o
                0x0000000008001f2c                SystemInit
 .text.Reset_Handler
                0x0000000008001f38       0x48 ./Core/Startup/startup_stm32f103rbtx.o
                0x0000000008001f38                Reset_Handler
 .text.Default_Handler
                0x0000000008001f80        0x2 ./Core/Startup/startup_stm32f103rbtx.o
                0x0000000008001f80                RTC_Alarm_IRQHandler
                0x0000000008001f80                EXTI2_IRQHandler
                0x0000000008001f80                TIM1_CC_IRQHandler
                0x0000000008001f80                PVD_IRQHandler
                0x0000000008001f80                EXTI3_IRQHandler
                0x0000000008001f80                EXTI0_IRQHandler
                0x0000000008001f80                I2C2_EV_IRQHandler
                0x0000000008001f80                ADC1_2_IRQHandler
                0x0000000008001f80                SPI1_IRQHandler
                0x0000000008001f80                TAMPER_IRQHandler
                0x0000000008001f80                DMA1_Channel4_IRQHandler
                0x0000000008001f80                USART3_IRQHandler
                0x0000000008001f80                RTC_IRQHandler
                0x0000000008001f80                DMA1_Channel7_IRQHandler
                0x0000000008001f80                CAN1_RX1_IRQHandler
                0x0000000008001f80                TIM4_IRQHandler
                0x0000000008001f80                I2C1_EV_IRQHandler
                0x0000000008001f80                DMA1_Channel6_IRQHandler
                0x0000000008001f80                TIM3_IRQHandler
                0x0000000008001f80                RCC_IRQHandler
                0x0000000008001f80                TIM1_TRG_COM_IRQHandler
                0x0000000008001f80                DMA1_Channel1_IRQHandler
                0x0000000008001f80                Default_Handler
                0x0000000008001f80                EXTI15_10_IRQHandler
                0x0000000008001f80                EXTI9_5_IRQHandler
                0x0000000008001f80                SPI2_IRQHandler
                0x0000000008001f80                DMA1_Channel5_IRQHandler
                0x0000000008001f80                EXTI4_IRQHandler
                0x0000000008001f80                USB_LP_CAN1_RX0_IRQHandler
                0x0000000008001f80                USB_HP_CAN1_TX_IRQHandler
                0x0000000008001f80                DMA1_Channel3_IRQHandler
                0x0000000008001f80                TIM1_UP_IRQHandler
                0x0000000008001f80                WWDG_IRQHandler
                0x0000000008001f80                TIM1_BRK_IRQHandler
                0x0000000008001f80                EXTI1_IRQHandler
                0x0000000008001f80                USART2_IRQHandler
                0x0000000008001f80                I2C2_ER_IRQHandler
                0x0000000008001f80                DMA1_Channel2_IRQHandler
                0x0000000008001f80                CAN1_SCE_IRQHandler
                0x0000000008001f80                FLASH_IRQHandler
                0x0000000008001f80                USART1_IRQHandler
                0x0000000008001f80                I2C1_ER_IRQHandler
                0x0000000008001f80                USBWakeUp_IRQHandler
 *fill*         0x0000000008001f82        0x2 
 .text.HAL_Init
                0x0000000008001f84       0x2c ./Drivers/STM32F1xx_HAL_Driver/Src/stm32f1xx_hal.o
                0x0000000008001f84                HAL_Init
 .text.HAL_InitTick
                0x0000000008001fb0       0x60 ./Drivers/STM32F1xx_HAL_Driver/Src/stm32f1xx_hal.o
                0x0000000008001fb0                HAL_InitTick
 .text.HAL_IncTick
                0x0000000008002010       0x24 ./Drivers/STM32F1xx_HAL_Driver/Src/stm32f1xx_hal.o
                0x0000000008002010                HAL_IncTick
 .text.HAL_GetTick
                0x0000000008002034       0x14 ./Drivers/STM32F1xx_HAL_Driver/Src/stm32f1xx_hal.o
                0x0000000008002034                HAL_GetTick
 .text.HAL_Delay
                0x0000000008002048       0x48 ./Drivers/STM32F1xx_HAL_Driver/Src/stm32f1xx_hal.o
                0x0000000008002048                HAL_Delay
 .text.__NVIC_SetPriorityGrouping
                0x0000000008002090       0x48 ./Drivers/STM32F1xx_HAL_Driver/Src/stm32f1xx_hal_cortex.o
 .text.__NVIC_GetPriorityGrouping
                0x00000000080020d8       0x1c ./Drivers/STM32F1xx_HAL_Driver/Src/stm32f1xx_hal_cortex.o
 .text.__NVIC_EnableIRQ
                0x00000000080020f4       0x38 ./Drivers/STM32F1xx_HAL_Driver/Src/stm32f1xx_hal_cortex.o
 .text.__NVIC_SetPriority
                0x000000000800212c       0x54 ./Drivers/STM32F1xx_HAL_Driver/Src/stm32f1xx_hal_cortex.o
 .text.NVIC_EncodePriority
                0x0000000008002180       0x64 ./Drivers/STM32F1xx_HAL_Driver/Src/stm32f1xx_hal_cortex.o
 .text.SysTick_Config
                0x00000000080021e4       0x44 ./Drivers/STM32F1xx_HAL_Driver/Src/stm32f1xx_hal_cortex.o
 .text.HAL_NVIC_SetPriorityGrouping
                0x0000000008002228       0x16 ./Drivers/STM32F1xx_HAL_Driver/Src/stm32f1xx_hal_cortex.o
                0x0000000008002228                HAL_NVIC_SetPriorityGrouping
 .text.HAL_NVIC_SetPriority
                0x000000000800223e       0x38 ./Drivers/STM32F1xx_HAL_Driver/Src/stm32f1xx_hal_cortex.o
                0x000000000800223e                HAL_NVIC_SetPriority
 .text.HAL_NVIC_EnableIRQ
                0x0000000008002276       0x1c ./Drivers/STM32F1xx_HAL_Driver/Src/stm32f1xx_hal_cortex.o
                0x0000000008002276                HAL_NVIC_EnableIRQ
 .text.HAL_SYSTICK_Config
                0x0000000008002292       0x18 ./Drivers/STM32F1xx_HAL_Driver/Src/stm32f1xx_hal_cortex.o
                0x0000000008002292                HAL_SYSTICK_Config
 *fill*         0x00000000080022aa        0x2 
 .text.HAL_GPIO_Init
                0x00000000080022ac      0x308 ./Drivers/STM32F1xx_HAL_Driver/Src/stm32f1xx_hal_gpio.o
                0x00000000080022ac                HAL_GPIO_Init
 .text.HAL_GPIO_ReadPin
                0x00000000080025b4       0x2e ./Drivers/STM32F1xx_HAL_Driver/Src/stm32f1xx_hal_gpio.o
                0x00000000080025b4                HAL_GPIO_ReadPin
 .text.HAL_GPIO_WritePin
                0x00000000080025e2       0x30 ./Drivers/STM32F1xx_HAL_Driver/Src/stm32f1xx_hal_gpio.o
                0x00000000080025e2                HAL_GPIO_WritePin
 *fill*         0x0000000008002612        0x2 
 .text.HAL_I2C_Init
                0x0000000008002614      0x288 ./Drivers/STM32F1xx_HAL_Driver/Src/stm32f1xx_hal_i2c.o
                0x0000000008002614                HAL_I2C_Init
 .text.HAL_I2C_Master_Transmit
                0x000000000800289c      0x1fc ./Drivers/STM32F1xx_HAL_Driver/Src/stm32f1xx_hal_i2c.o
                0x000000000800289c                HAL_I2C_Master_Transmit
 .text.I2C_MasterRequestWrite
                0x0000000008002a98      0x104 ./Drivers/STM32F1xx_HAL_Driver/Src/stm32f1xx_hal_i2c.o
 .text.I2C_WaitOnFlagUntilTimeout
                0x0000000008002b9c       0xf4 ./Drivers/STM32F1xx_HAL_Driver/Src/stm32f1xx_hal_i2c.o
 .text.I2C_WaitOnMasterAddressFlagUntilTimeout
                0x0000000008002c90      0x140 ./Drivers/STM32F1xx_HAL_Driver/Src/stm32f1xx_hal_i2c.o
 .text.I2C_WaitOnTXEFlagUntilTimeout
                0x0000000008002dd0       0x90 ./Drivers/STM32F1xx_HAL_Driver/Src/stm32f1xx_hal_i2c.o
 .text.I2C_WaitOnBTFFlagUntilTimeout
                0x0000000008002e60       0x90 ./Drivers/STM32F1xx_HAL_Driver/Src/stm32f1xx_hal_i2c.o
 .text.I2C_IsAcknowledgeFailed
                0x0000000008002ef0       0x5c ./Drivers/STM32F1xx_HAL_Driver/Src/stm32f1xx_hal_i2c.o
 .text.HAL_RCC_OscConfig
                0x0000000008002f4c      0x500 ./Drivers/STM32F1xx_HAL_Driver/Src/stm32f1xx_hal_rcc.o
                0x0000000008002f4c                HAL_RCC_OscConfig
 .text.HAL_RCC_ClockConfig
                0x000000000800344c      0x1d4 ./Drivers/STM32F1xx_HAL_Driver/Src/stm32f1xx_hal_rcc.o
                0x000000000800344c                HAL_RCC_ClockConfig
 .text.HAL_RCC_GetSysClockFreq
                0x0000000008003620       0xa8 ./Drivers/STM32F1xx_HAL_Driver/Src/stm32f1xx_hal_rcc.o
                0x0000000008003620                HAL_RCC_GetSysClockFreq
 .text.HAL_RCC_GetHCLKFreq
                0x00000000080036c8       0x14 ./Drivers/STM32F1xx_HAL_Driver/Src/stm32f1xx_hal_rcc.o
                0x00000000080036c8                HAL_RCC_GetHCLKFreq
 .text.HAL_RCC_GetPCLK1Freq
                0x00000000080036dc       0x28 ./Drivers/STM32F1xx_HAL_Driver/Src/stm32f1xx_hal_rcc.o
                0x00000000080036dc                HAL_RCC_GetPCLK1Freq
 .text.RCC_Delay
                0x0000000008003704       0x3c ./Drivers/STM32F1xx_HAL_Driver/Src/stm32f1xx_hal_rcc.o
 .text.HAL_TIM_Base_Init
                0x0000000008003740       0x9e ./Drivers/STM32F1xx_HAL_Driver/Src/stm32f1xx_hal_tim.o
                0x0000000008003740                HAL_TIM_Base_Init
 *fill*         0x00000000080037de        0x2 
 .text.HAL_TIM_Base_Start_IT
                0x00000000080037e0       0xa4 ./Drivers/STM32F1xx_HAL_Driver/Src/stm32f1xx_hal_tim.o
                0x00000000080037e0                HAL_TIM_Base_Start_IT
 .text.HAL_TIM_IRQHandler
                0x0000000008003884      0x1e0 ./Drivers/STM32F1xx_HAL_Driver/Src/stm32f1xx_hal_tim.o
                0x0000000008003884                HAL_TIM_IRQHandler
 .text.HAL_TIM_ConfigClockSource
                0x0000000008003a64      0x18e ./Drivers/STM32F1xx_HAL_Driver/Src/stm32f1xx_hal_tim.o
                0x0000000008003a64                HAL_TIM_ConfigClockSource
 .text.HAL_TIM_OC_DelayElapsedCallback
                0x0000000008003bf2       0x12 ./Drivers/STM32F1xx_HAL_Driver/Src/stm32f1xx_hal_tim.o
                0x0000000008003bf2                HAL_TIM_OC_DelayElapsedCallback
 .text.HAL_TIM_IC_CaptureCallback
                0x0000000008003c04       0x12 ./Drivers/STM32F1xx_HAL_Driver/Src/stm32f1xx_hal_tim.o
                0x0000000008003c04                HAL_TIM_IC_CaptureCallback
 .text.HAL_TIM_PWM_PulseFinishedCallback
                0x0000000008003c16       0x12 ./Drivers/STM32F1xx_HAL_Driver/Src/stm32f1xx_hal_tim.o
                0x0000000008003c16                HAL_TIM_PWM_PulseFinishedCallback
 .text.HAL_TIM_TriggerCallback
                0x0000000008003c28       0x12 ./Drivers/STM32F1xx_HAL_Driver/Src/stm32f1xx_hal_tim.o
                0x0000000008003c28                HAL_TIM_TriggerCallback
 *fill*         0x0000000008003c3a        0x2 
 .text.TIM_Base_SetConfig
                0x0000000008003c3c       0xdc ./Drivers/STM32F1xx_HAL_Driver/Src/stm32f1xx_hal_tim.o
                0x0000000008003c3c                TIM_Base_SetConfig
 .text.TIM_TI1_ConfigInputStage
                0x0000000008003d18       0x5c ./Drivers/STM32F1xx_HAL_Driver/Src/stm32f1xx_hal_tim.o
 .text.TIM_TI2_ConfigInputStage
                0x0000000008003d74       0x5e ./Drivers/STM32F1xx_HAL_Driver/Src/stm32f1xx_hal_tim.o
 .text.TIM_ITRx_SetConfig
                0x0000000008003dd2       0x34 ./Drivers/STM32F1xx_HAL_Driver/Src/stm32f1xx_hal_tim.o
 .text.TIM_ETR_SetConfig
                0x0000000008003e06       0x3e ./Drivers/STM32F1xx_HAL_Driver/Src/stm32f1xx_hal_tim.o
                0x0000000008003e06                TIM_ETR_SetConfig
 .text.HAL_TIMEx_MasterConfigSynchronization
                0x0000000008003e44       0xbc ./Drivers/STM32F1xx_HAL_Driver/Src/stm32f1xx_hal_tim_ex.o
                0x0000000008003e44                HAL_TIMEx_MasterConfigSynchronization
 .text.HAL_TIMEx_CommutCallback
                0x0000000008003f00       0x12 ./Drivers/STM32F1xx_HAL_Driver/Src/stm32f1xx_hal_tim_ex.o
                0x0000000008003f00                HAL_TIMEx_CommutCallback
 .text.HAL_TIMEx_BreakCallback
                0x0000000008003f12       0x12 ./Drivers/STM32F1xx_HAL_Driver/Src/stm32f1xx_hal_tim_ex.o
                0x0000000008003f12                HAL_TIMEx_BreakCallback
 .text.__errno  0x0000000008003f24        0xc c:/st/stm32cubeide_1.7.0/stm32cubeide/plugins/com.st.stm32cube.ide.mcu.externaltools.gnu-tools-for-stm32.9-2020-q2-update.win32_2.0.0.202105311346/tools/bin/../lib/gcc/arm-none-eabi/9.3.1/../../../../arm-none-eabi/lib/thumb/v7-m/nofp\libc_nano.a(lib_a-errno.o)
                0x0000000008003f24                __errno
 .text.__libc_init_array
                0x0000000008003f30       0x48 c:/st/stm32cubeide_1.7.0/stm32cubeide/plugins/com.st.stm32cube.ide.mcu.externaltools.gnu-tools-for-stm32.9-2020-q2-update.win32_2.0.0.202105311346/tools/bin/../lib/gcc/arm-none-eabi/9.3.1/../../../../arm-none-eabi/lib/thumb/v7-m/nofp\libc_nano.a(lib_a-init.o)
                0x0000000008003f30                __libc_init_array
 .text.malloc   0x0000000008003f78       0x10 c:/st/stm32cubeide_1.7.0/stm32cubeide/plugins/com.st.stm32cube.ide.mcu.externaltools.gnu-tools-for-stm32.9-2020-q2-update.win32_2.0.0.202105311346/tools/bin/../lib/gcc/arm-none-eabi/9.3.1/../../../../arm-none-eabi/lib/thumb/v7-m/nofp\libc_nano.a(lib_a-malloc.o)
                0x0000000008003f78                malloc
 .text.free     0x0000000008003f88       0x10 c:/st/stm32cubeide_1.7.0/stm32cubeide/plugins/com.st.stm32cube.ide.mcu.externaltools.gnu-tools-for-stm32.9-2020-q2-update.win32_2.0.0.202105311346/tools/bin/../lib/gcc/arm-none-eabi/9.3.1/../../../../arm-none-eabi/lib/thumb/v7-m/nofp\libc_nano.a(lib_a-malloc.o)
                0x0000000008003f88                free
 .text.memset   0x0000000008003f98       0x10 c:/st/stm32cubeide_1.7.0/stm32cubeide/plugins/com.st.stm32cube.ide.mcu.externaltools.gnu-tools-for-stm32.9-2020-q2-update.win32_2.0.0.202105311346/tools/bin/../lib/gcc/arm-none-eabi/9.3.1/../../../../arm-none-eabi/lib/thumb/v7-m/nofp\libc_nano.a(lib_a-memset.o)
                0x0000000008003f98                memset
 .text._free_r  0x0000000008003fa8       0x98 c:/st/stm32cubeide_1.7.0/stm32cubeide/plugins/com.st.stm32cube.ide.mcu.externaltools.gnu-tools-for-stm32.9-2020-q2-update.win32_2.0.0.202105311346/tools/bin/../lib/gcc/arm-none-eabi/9.3.1/../../../../arm-none-eabi/lib/thumb/v7-m/nofp\libc_nano.a(lib_a-nano-freer.o)
                0x0000000008003fa8                _free_r
 .text._malloc_r
                0x0000000008004040       0xb4 c:/st/stm32cubeide_1.7.0/stm32cubeide/plugins/com.st.stm32cube.ide.mcu.externaltools.gnu-tools-for-stm32.9-2020-q2-update.win32_2.0.0.202105311346/tools/bin/../lib/gcc/arm-none-eabi/9.3.1/../../../../arm-none-eabi/lib/thumb/v7-m/nofp\libc_nano.a(lib_a-nano-mallocr.o)
                0x0000000008004040                _malloc_r
 .text._sbrk_r  0x00000000080040f4       0x20 c:/st/stm32cubeide_1.7.0/stm32cubeide/plugins/com.st.stm32cube.ide.mcu.externaltools.gnu-tools-for-stm32.9-2020-q2-update.win32_2.0.0.202105311346/tools/bin/../lib/gcc/arm-none-eabi/9.3.1/../../../../arm-none-eabi/lib/thumb/v7-m/nofp\libc_nano.a(lib_a-sbrkr.o)
                0x00000000080040f4                _sbrk_r
 .text.__malloc_lock
                0x0000000008004114        0xc c:/st/stm32cubeide_1.7.0/stm32cubeide/plugins/com.st.stm32cube.ide.mcu.externaltools.gnu-tools-for-stm32.9-2020-q2-update.win32_2.0.0.202105311346/tools/bin/../lib/gcc/arm-none-eabi/9.3.1/../../../../arm-none-eabi/lib/thumb/v7-m/nofp\libc_nano.a(lib_a-mlock.o)
                0x0000000008004114                __malloc_lock
 .text.__malloc_unlock
                0x0000000008004120        0xc c:/st/stm32cubeide_1.7.0/stm32cubeide/plugins/com.st.stm32cube.ide.mcu.externaltools.gnu-tools-for-stm32.9-2020-q2-update.win32_2.0.0.202105311346/tools/bin/../lib/gcc/arm-none-eabi/9.3.1/../../../../arm-none-eabi/lib/thumb/v7-m/nofp\libc_nano.a(lib_a-mlock.o)
                0x0000000008004120                __malloc_unlock
 .text.__retarget_lock_acquire_recursive
                0x000000000800412c        0x2 c:/st/stm32cubeide_1.7.0/stm32cubeide/plugins/com.st.stm32cube.ide.mcu.externaltools.gnu-tools-for-stm32.9-2020-q2-update.win32_2.0.0.202105311346/tools/bin/../lib/gcc/arm-none-eabi/9.3.1/../../../../arm-none-eabi/lib/thumb/v7-m/nofp\libc_nano.a(lib_a-lock.o)
                0x000000000800412c                __retarget_lock_acquire_recursive
 .text.__retarget_lock_release_recursive
                0x000000000800412e        0x2 c:/st/stm32cubeide_1.7.0/stm32cubeide/plugins/com.st.stm32cube.ide.mcu.externaltools.gnu-tools-for-stm32.9-2020-q2-update.win32_2.0.0.202105311346/tools/bin/../lib/gcc/arm-none-eabi/9.3.1/../../../../arm-none-eabi/lib/thumb/v7-m/nofp\libc_nano.a(lib_a-lock.o)
                0x000000000800412e                __retarget_lock_release_recursive
 *(.glue_7)
 .glue_7        0x0000000008004130        0x0 linker stubs
 *(.glue_7t)
 .glue_7t       0x0000000008004130        0x0 linker stubs
 *(.eh_frame)
 .eh_frame      0x0000000008004130        0x0 c:/st/stm32cubeide_1.7.0/stm32cubeide/plugins/com.st.stm32cube.ide.mcu.externaltools.gnu-tools-for-stm32.9-2020-q2-update.win32_2.0.0.202105311346/tools/bin/../lib/gcc/arm-none-eabi/9.3.1/thumb/v7-m/nofp/crtbegin.o
 *(.init)
 .init          0x0000000008004130        0x4 c:/st/stm32cubeide_1.7.0/stm32cubeide/plugins/com.st.stm32cube.ide.mcu.externaltools.gnu-tools-for-stm32.9-2020-q2-update.win32_2.0.0.202105311346/tools/bin/../lib/gcc/arm-none-eabi/9.3.1/thumb/v7-m/nofp/crti.o
                0x0000000008004130                _init
 .init          0x0000000008004134        0x8 c:/st/stm32cubeide_1.7.0/stm32cubeide/plugins/com.st.stm32cube.ide.mcu.externaltools.gnu-tools-for-stm32.9-2020-q2-update.win32_2.0.0.202105311346/tools/bin/../lib/gcc/arm-none-eabi/9.3.1/thumb/v7-m/nofp/crtn.o
 *(.fini)
 .fini          0x000000000800413c        0x4 c:/st/stm32cubeide_1.7.0/stm32cubeide/plugins/com.st.stm32cube.ide.mcu.externaltools.gnu-tools-for-stm32.9-2020-q2-update.win32_2.0.0.202105311346/tools/bin/../lib/gcc/arm-none-eabi/9.3.1/thumb/v7-m/nofp/crti.o
                0x000000000800413c                _fini
 .fini          0x0000000008004140        0x8 c:/st/stm32cubeide_1.7.0/stm32cubeide/plugins/com.st.stm32cube.ide.mcu.externaltools.gnu-tools-for-stm32.9-2020-q2-update.win32_2.0.0.202105311346/tools/bin/../lib/gcc/arm-none-eabi/9.3.1/thumb/v7-m/nofp/crtn.o
                0x0000000008004148                . = ALIGN (0x4)
                0x0000000008004148                _etext = .

.vfp11_veneer   0x0000000008004148        0x0
 .vfp11_veneer  0x0000000008004148        0x0 linker stubs

.v4_bx          0x0000000008004148        0x0
 .v4_bx         0x0000000008004148        0x0 linker stubs

.iplt           0x0000000008004148        0x0
 .iplt          0x0000000008004148        0x0 c:/st/stm32cubeide_1.7.0/stm32cubeide/plugins/com.st.stm32cube.ide.mcu.externaltools.gnu-tools-for-stm32.9-2020-q2-update.win32_2.0.0.202105311346/tools/bin/../lib/gcc/arm-none-eabi/9.3.1/thumb/v7-m/nofp/crtbegin.o

.rodata         0x0000000008004148       0x90
                0x0000000008004148                . = ALIGN (0x4)
 *(.rodata)
 .rodata        0x0000000008004148        0xa ./Core/Src/display7SEG.o
 *fill*         0x0000000008004152        0x2 
 .rodata        0x0000000008004154       0x3a ./Core/Src/fsm_traffic_light.o
 *fill*         0x000000000800418e        0x2 
 .rodata        0x0000000008004190       0x1a ./Core/Src/main.o
 *(.rodata*)
 *fill*         0x00000000080041aa        0x2 
 .rodata.AHBPrescTable
                0x00000000080041ac       0x10 ./Core/Src/system_stm32f1xx.o
                0x00000000080041ac                AHBPrescTable
 .rodata.APBPrescTable
                0x00000000080041bc        0x8 ./Core/Src/system_stm32f1xx.o
                0x00000000080041bc                APBPrescTable
 .rodata.aPLLMULFactorTable.6283
                0x00000000080041c4       0x10 ./Drivers/STM32F1xx_HAL_Driver/Src/stm32f1xx_hal_rcc.o
 .rodata.aPredivFactorTable.6284
                0x00000000080041d4        0x2 ./Drivers/STM32F1xx_HAL_Driver/Src/stm32f1xx_hal_rcc.o
                0x00000000080041d8                . = ALIGN (0x4)
 *fill*         0x00000000080041d6        0x2 

.rel.dyn        0x00000000080041d8        0x0
 .rel.iplt      0x00000000080041d8        0x0 c:/st/stm32cubeide_1.7.0/stm32cubeide/plugins/com.st.stm32cube.ide.mcu.externaltools.gnu-tools-for-stm32.9-2020-q2-update.win32_2.0.0.202105311346/tools/bin/../lib/gcc/arm-none-eabi/9.3.1/thumb/v7-m/nofp/crtbegin.o

.ARM.extab      0x00000000080041d8        0x0
                0x00000000080041d8                . = ALIGN (0x4)
 *(.ARM.extab* .gnu.linkonce.armextab.*)
                0x00000000080041d8                . = ALIGN (0x4)

.ARM            0x00000000080041d8        0x0
                0x00000000080041d8                . = ALIGN (0x4)
                0x00000000080041d8                __exidx_start = .
 *(.ARM.exidx*)
                0x00000000080041d8                __exidx_end = .
                0x00000000080041d8                . = ALIGN (0x4)

.preinit_array  0x00000000080041d8        0x0
                0x00000000080041d8                . = ALIGN (0x4)
                0x00000000080041d8                PROVIDE (__preinit_array_start = .)
 *(.preinit_array*)
                0x00000000080041d8                PROVIDE (__preinit_array_end = .)
                0x00000000080041d8                . = ALIGN (0x4)

.init_array     0x00000000080041d8        0x4
                0x00000000080041d8                . = ALIGN (0x4)
                0x00000000080041d8                PROVIDE (__init_array_start = .)
 *(SORT_BY_NAME(.init_array.*))
 *(.init_array*)
 .init_array    0x00000000080041d8        0x4 c:/st/stm32cubeide_1.7.0/stm32cubeide/plugins/com.st.stm32cube.ide.mcu.externaltools.gnu-tools-for-stm32.9-2020-q2-update.win32_2.0.0.202105311346/tools/bin/../lib/gcc/arm-none-eabi/9.3.1/thumb/v7-m/nofp/crtbegin.o
                0x00000000080041dc                PROVIDE (__init_array_end = .)
                0x00000000080041dc                . = ALIGN (0x4)

.fini_array     0x00000000080041dc        0x4
                0x00000000080041dc                . = ALIGN (0x4)
                [!provide]                        PROVIDE (__fini_array_start = .)
 *(SORT_BY_NAME(.fini_array.*))
 *(.fini_array*)
 .fini_array    0x00000000080041dc        0x4 c:/st/stm32cubeide_1.7.0/stm32cubeide/plugins/com.st.stm32cube.ide.mcu.externaltools.gnu-tools-for-stm32.9-2020-q2-update.win32_2.0.0.202105311346/tools/bin/../lib/gcc/arm-none-eabi/9.3.1/thumb/v7-m/nofp/crtbegin.o
                [!provide]                        PROVIDE (__fini_array_end = .)
                0x00000000080041e0                . = ALIGN (0x4)
                0x00000000080041e0                _sidata = LOADADDR (.data)

.data           0x0000000020000000       0xec load address 0x00000000080041e0
                0x0000000020000000                . = ALIGN (0x4)
                0x0000000020000000                _sdata = .
 *(.data)
 *(.data*)
 .data.KeyReg0  0x0000000020000000       0x10 ./Core/Src/button.o
                0x0000000020000000                KeyReg0
 .data.KeyReg1  0x0000000020000010       0x10 ./Core/Src/button.o
                0x0000000020000010                KeyReg1
 .data.KeyReg2  0x0000000020000020       0x10 ./Core/Src/button.o
                0x0000000020000020                KeyReg2
 .data.KeyReg3  0x0000000020000030       0x10 ./Core/Src/button.o
                0x0000000020000030                KeyReg3
 .data.led_buffer
                0x0000000020000040       0x10 ./Core/Src/display7SEG.o
                0x0000000020000040                led_buffer
 .data.counter1
                0x0000000020000050        0x4 ./Core/Src/display7SEG.o
                0x0000000020000050                counter1
 .data.counter2
                0x0000000020000054        0x4 ./Core/Src/display7SEG.o
                0x0000000020000054                counter2
 .data.timeperdes
                0x0000000020000058        0x4 ./Core/Src/fsm_traffic_light.o
                0x0000000020000058                timeperdes
 .data.timepre  0x000000002000005c        0x4 ./Core/Src/fsm_traffic_light.o
                0x000000002000005c                timepre
 .data.RED      0x0000000020000060        0x4 ./Core/Src/global.o
                0x0000000020000060                RED
 .data.AMBER    0x0000000020000064        0x4 ./Core/Src/global.o
                0x0000000020000064                AMBER
 .data.GREEN    0x0000000020000068        0x4 ./Core/Src/global.o
                0x0000000020000068                GREEN
 .data.TimeRED  0x000000002000006c        0x4 ./Core/Src/global.o
                0x000000002000006c                TimeRED
 .data.TimeGreen
                0x0000000020000070        0x4 ./Core/Src/global.o
                0x0000000020000070                TimeGreen
 .data.timeset_traffic
                0x0000000020000074        0x4 ./Core/Src/global.o
                0x0000000020000074                timeset_traffic
 .data.TIME_CYCLE
                0x0000000020000078        0x4 ./Core/Src/software_timer.o
                0x0000000020000078                TIME_CYCLE
 .data.SystemCoreClock
                0x000000002000007c        0x4 ./Core/Src/system_stm32f1xx.o
                0x000000002000007c                SystemCoreClock
 .data.uwTickPrio
                0x0000000020000080        0x4 ./Drivers/STM32F1xx_HAL_Driver/Src/stm32f1xx_hal.o
                0x0000000020000080                uwTickPrio
 .data.uwTickFreq
                0x0000000020000084        0x1 ./Drivers/STM32F1xx_HAL_Driver/Src/stm32f1xx_hal.o
                0x0000000020000084                uwTickFreq
 *fill*         0x0000000020000085        0x3 
 .data._impure_ptr
                0x0000000020000088        0x4 c:/st/stm32cubeide_1.7.0/stm32cubeide/plugins/com.st.stm32cube.ide.mcu.externaltools.gnu-tools-for-stm32.9-2020-q2-update.win32_2.0.0.202105311346/tools/bin/../lib/gcc/arm-none-eabi/9.3.1/../../../../arm-none-eabi/lib/thumb/v7-m/nofp\libc_nano.a(lib_a-impure.o)
                0x0000000020000088                _impure_ptr
 .data.impure_data
                0x000000002000008c       0x60 c:/st/stm32cubeide_1.7.0/stm32cubeide/plugins/com.st.stm32cube.ide.mcu.externaltools.gnu-tools-for-stm32.9-2020-q2-update.win32_2.0.0.202105311346/tools/bin/../lib/gcc/arm-none-eabi/9.3.1/../../../../arm-none-eabi/lib/thumb/v7-m/nofp\libc_nano.a(lib_a-impure.o)
 *(.RamFunc)
 *(.RamFunc*)
                0x00000000200000ec                . = ALIGN (0x4)
                0x00000000200000ec                _edata = .

.igot.plt       0x00000000200000ec        0x0 load address 0x00000000080042cc
 .igot.plt      0x00000000200000ec        0x0 c:/st/stm32cubeide_1.7.0/stm32cubeide/plugins/com.st.stm32cube.ide.mcu.externaltools.gnu-tools-for-stm32.9-2020-q2-update.win32_2.0.0.202105311346/tools/bin/../lib/gcc/arm-none-eabi/9.3.1/thumb/v7-m/nofp/crtbegin.o
                0x00000000200000ec                . = ALIGN (0x4)

.bss            0x00000000200000ec      0x184 load address 0x00000000080042cc
                0x00000000200000ec                _sbss = .
                0x00000000200000ec                __bss_start__ = _sbss
 *(.bss)
 .bss           0x00000000200000ec       0x1c c:/st/stm32cubeide_1.7.0/stm32cubeide/plugins/com.st.stm32cube.ide.mcu.externaltools.gnu-tools-for-stm32.9-2020-q2-update.win32_2.0.0.202105311346/tools/bin/../lib/gcc/arm-none-eabi/9.3.1/thumb/v7-m/nofp/crtbegin.o
 *(.bss*)
 .bss.normal_flag
                0x0000000020000108       0x10 ./Core/Src/button.o
                0x0000000020000108                normal_flag
 .bss.long_flag
                0x0000000020000118       0x10 ./Core/Src/button.o
                0x0000000020000118                long_flag
 .bss.TimeOutForKeyPress
                0x0000000020000128       0x10 ./Core/Src/button.o
                0x0000000020000128                TimeOutForKeyPress
 .bss.index_led
                0x0000000020000138        0x4 ./Core/Src/display7SEG.o
                0x0000000020000138                index_led
 .bss.status    0x000000002000013c        0x4 ./Core/Src/fsm_traffic_light.o
                0x000000002000013c                status
 .bss.manual_step
                0x0000000020000140        0x4 ./Core/Src/fsm_traffic_light.o
                0x0000000020000140                manual_step
 .bss.perdestrian
                0x0000000020000144        0x1 ./Core/Src/fsm_traffic_light.o
                0x0000000020000144                perdestrian
 .bss.preper    0x0000000020000145        0x1 ./Core/Src/fsm_traffic_light.o
                0x0000000020000145                preper
 *fill*         0x0000000020000146        0x2 
 .bss.timestamp
                0x0000000020000148        0x4 ./Core/Src/global.o
                0x0000000020000148                timestamp
 .bss.TimeAmber
                0x000000002000014c        0x4 ./Core/Src/global.o
                0x000000002000014c                TimeAmber
 .bss.Tcounter  0x0000000020000150        0x4 ./Core/Src/sched.o
                0x0000000020000150                Tcounter
 .bss.errorCode
                0x0000000020000154        0x1 ./Core/Src/sched.o
                0x0000000020000154                errorCode
 *fill*         0x0000000020000155        0x3 
 .bss.timer_counter
                0x0000000020000158       0x10 ./Core/Src/software_timer.o
                0x0000000020000158                timer_counter
 .bss.timer_flag
                0x0000000020000168       0x10 ./Core/Src/software_timer.o
                0x0000000020000168                timer_flag
 .bss.__sbrk_heap_end
                0x0000000020000178        0x4 ./Core/Src/sysmem.o
 .bss.__malloc_free_list
                0x000000002000017c        0x4 c:/st/stm32cubeide_1.7.0/stm32cubeide/plugins/com.st.stm32cube.ide.mcu.externaltools.gnu-tools-for-stm32.9-2020-q2-update.win32_2.0.0.202105311346/tools/bin/../lib/gcc/arm-none-eabi/9.3.1/../../../../arm-none-eabi/lib/thumb/v7-m/nofp\libc_nano.a(lib_a-nano-mallocr.o)
                0x000000002000017c                __malloc_free_list
 .bss.__malloc_sbrk_start
                0x0000000020000180        0x4 c:/st/stm32cubeide_1.7.0/stm32cubeide/plugins/com.st.stm32cube.ide.mcu.externaltools.gnu-tools-for-stm32.9-2020-q2-update.win32_2.0.0.202105311346/tools/bin/../lib/gcc/arm-none-eabi/9.3.1/../../../../arm-none-eabi/lib/thumb/v7-m/nofp\libc_nano.a(lib_a-nano-mallocr.o)
                0x0000000020000180                __malloc_sbrk_start
 *(COMMON)
 COMMON         0x0000000020000184       0x9c ./Core/Src/main.o
                0x0000000020000184                hi2c1
                0x00000000200001d8                htim2
 COMMON         0x0000000020000220       0x3c ./Core/Src/sched.o
                0x0000000020000220                str
                0x0000000020000254                Tlist
 COMMON         0x000000002000025c        0x4 ./Drivers/STM32F1xx_HAL_Driver/Src/stm32f1xx_hal.o
                0x000000002000025c                uwTick
 COMMON         0x0000000020000260        0x4 c:/st/stm32cubeide_1.7.0/stm32cubeide/plugins/com.st.stm32cube.ide.mcu.externaltools.gnu-tools-for-stm32.9-2020-q2-update.win32_2.0.0.202105311346/tools/bin/../lib/gcc/arm-none-eabi/9.3.1/../../../../arm-none-eabi/lib/thumb/v7-m/nofp\libc_nano.a(lib_a-reent.o)
                0x0000000020000260                errno
 COMMON         0x0000000020000264        0x9 c:/st/stm32cubeide_1.7.0/stm32cubeide/plugins/com.st.stm32cube.ide.mcu.externaltools.gnu-tools-for-stm32.9-2020-q2-update.win32_2.0.0.202105311346/tools/bin/../lib/gcc/arm-none-eabi/9.3.1/../../../../arm-none-eabi/lib/thumb/v7-m/nofp\libc_nano.a(lib_a-lock.o)
                0x0000000020000264                __lock___atexit_recursive_mutex
                0x0000000020000265                __lock___arc4random_mutex
                0x0000000020000266                __lock___env_recursive_mutex
                0x0000000020000267                __lock___sinit_recursive_mutex
                0x0000000020000268                __lock___malloc_recursive_mutex
                0x0000000020000269                __lock___at_quick_exit_mutex
                0x000000002000026a                __lock___dd_hash_mutex
                0x000000002000026b                __lock___tz_mutex
                0x000000002000026c                __lock___sfp_recursive_mutex
                0x0000000020000270                . = ALIGN (0x4)
 *fill*         0x000000002000026d        0x3 
                0x0000000020000270                _ebss = .
                0x0000000020000270                __bss_end__ = _ebss

._user_heap_stack
                0x0000000020000270      0x600 load address 0x00000000080042cc
                0x0000000020000270                . = ALIGN (0x8)
                [!provide]                        PROVIDE (end = .)
                0x0000000020000270                PROVIDE (_end = .)
                0x0000000020000470                . = (. + _Min_Heap_Size)
 *fill*         0x0000000020000270      0x200 
                0x0000000020000870                . = (. + _Min_Stack_Size)
 *fill*         0x0000000020000470      0x400 
                0x0000000020000870                . = ALIGN (0x8)

/DISCARD/
 libc.a(*)
 libm.a(*)
 libgcc.a(*)

.ARM.attributes
                0x0000000000000000       0x29
 *(.ARM.attributes)
 .ARM.attributes
                0x0000000000000000       0x1d c:/st/stm32cubeide_1.7.0/stm32cubeide/plugins/com.st.stm32cube.ide.mcu.externaltools.gnu-tools-for-stm32.9-2020-q2-update.win32_2.0.0.202105311346/tools/bin/../lib/gcc/arm-none-eabi/9.3.1/thumb/v7-m/nofp/crti.o
 .ARM.attributes
                0x000000000000001d       0x2d c:/st/stm32cubeide_1.7.0/stm32cubeide/plugins/com.st.stm32cube.ide.mcu.externaltools.gnu-tools-for-stm32.9-2020-q2-update.win32_2.0.0.202105311346/tools/bin/../lib/gcc/arm-none-eabi/9.3.1/thumb/v7-m/nofp/crtbegin.o
 .ARM.attributes
                0x000000000000004a       0x2d ./Core/Src/button.o
 .ARM.attributes
                0x0000000000000077       0x2d ./Core/Src/display7SEG.o
 .ARM.attributes
                0x00000000000000a4       0x2d ./Core/Src/fsm_traffic_light.o
 .ARM.attributes
                0x00000000000000d1       0x33 ./Core/Src/global.o
 .ARM.attributes
                0x0000000000000104       0x2d ./Core/Src/i2c-lcd.o
 .ARM.attributes
                0x0000000000000131       0x2d ./Core/Src/main.o
 .ARM.attributes
                0x000000000000015e       0x2d ./Core/Src/sched.o
 .ARM.attributes
                0x000000000000018b       0x2d ./Core/Src/software_timer.o
 .ARM.attributes
                0x00000000000001b8       0x2d ./Core/Src/stm32f1xx_hal_msp.o
 .ARM.attributes
                0x00000000000001e5       0x2d ./Core/Src/stm32f1xx_it.o
 .ARM.attributes
                0x0000000000000212       0x2d ./Core/Src/sysmem.o
 .ARM.attributes
                0x000000000000023f       0x2d ./Core/Src/system_stm32f1xx.o
 .ARM.attributes
                0x000000000000026c       0x21 ./Core/Startup/startup_stm32f103rbtx.o
 .ARM.attributes
                0x000000000000028d       0x2d ./Drivers/STM32F1xx_HAL_Driver/Src/stm32f1xx_hal.o
 .ARM.attributes
                0x00000000000002ba       0x2d ./Drivers/STM32F1xx_HAL_Driver/Src/stm32f1xx_hal_cortex.o
 .ARM.attributes
                0x00000000000002e7       0x2d ./Drivers/STM32F1xx_HAL_Driver/Src/stm32f1xx_hal_gpio.o
 .ARM.attributes
                0x0000000000000314       0x2d ./Drivers/STM32F1xx_HAL_Driver/Src/stm32f1xx_hal_i2c.o
 .ARM.attributes
                0x0000000000000341       0x2d ./Drivers/STM32F1xx_HAL_Driver/Src/stm32f1xx_hal_rcc.o
 .ARM.attributes
                0x000000000000036e       0x2d ./Drivers/STM32F1xx_HAL_Driver/Src/stm32f1xx_hal_tim.o
 .ARM.attributes
                0x000000000000039b       0x2d ./Drivers/STM32F1xx_HAL_Driver/Src/stm32f1xx_hal_tim_ex.o
 .ARM.attributes
                0x00000000000003c8       0x2d c:/st/stm32cubeide_1.7.0/stm32cubeide/plugins/com.st.stm32cube.ide.mcu.externaltools.gnu-tools-for-stm32.9-2020-q2-update.win32_2.0.0.202105311346/tools/bin/../lib/gcc/arm-none-eabi/9.3.1/../../../../arm-none-eabi/lib/thumb/v7-m/nofp\libc_nano.a(lib_a-errno.o)
 .ARM.attributes
                0x00000000000003f5       0x2d c:/st/stm32cubeide_1.7.0/stm32cubeide/plugins/com.st.stm32cube.ide.mcu.externaltools.gnu-tools-for-stm32.9-2020-q2-update.win32_2.0.0.202105311346/tools/bin/../lib/gcc/arm-none-eabi/9.3.1/../../../../arm-none-eabi/lib/thumb/v7-m/nofp\libc_nano.a(lib_a-impure.o)
 .ARM.attributes
                0x0000000000000422       0x2d c:/st/stm32cubeide_1.7.0/stm32cubeide/plugins/com.st.stm32cube.ide.mcu.externaltools.gnu-tools-for-stm32.9-2020-q2-update.win32_2.0.0.202105311346/tools/bin/../lib/gcc/arm-none-eabi/9.3.1/../../../../arm-none-eabi/lib/thumb/v7-m/nofp\libc_nano.a(lib_a-init.o)
 .ARM.attributes
                0x000000000000044f       0x2d c:/st/stm32cubeide_1.7.0/stm32cubeide/plugins/com.st.stm32cube.ide.mcu.externaltools.gnu-tools-for-stm32.9-2020-q2-update.win32_2.0.0.202105311346/tools/bin/../lib/gcc/arm-none-eabi/9.3.1/../../../../arm-none-eabi/lib/thumb/v7-m/nofp\libc_nano.a(lib_a-malloc.o)
 .ARM.attributes
                0x000000000000047c       0x2d c:/st/stm32cubeide_1.7.0/stm32cubeide/plugins/com.st.stm32cube.ide.mcu.externaltools.gnu-tools-for-stm32.9-2020-q2-update.win32_2.0.0.202105311346/tools/bin/../lib/gcc/arm-none-eabi/9.3.1/../../../../arm-none-eabi/lib/thumb/v7-m/nofp\libc_nano.a(lib_a-memset.o)
 .ARM.attributes
                0x00000000000004a9       0x2d c:/st/stm32cubeide_1.7.0/stm32cubeide/plugins/com.st.stm32cube.ide.mcu.externaltools.gnu-tools-for-stm32.9-2020-q2-update.win32_2.0.0.202105311346/tools/bin/../lib/gcc/arm-none-eabi/9.3.1/../../../../arm-none-eabi/lib/thumb/v7-m/nofp\libc_nano.a(lib_a-nano-freer.o)
 .ARM.attributes
                0x00000000000004d6       0x2d c:/st/stm32cubeide_1.7.0/stm32cubeide/plugins/com.st.stm32cube.ide.mcu.externaltools.gnu-tools-for-stm32.9-2020-q2-update.win32_2.0.0.202105311346/tools/bin/../lib/gcc/arm-none-eabi/9.3.1/../../../../arm-none-eabi/lib/thumb/v7-m/nofp\libc_nano.a(lib_a-nano-mallocr.o)
 .ARM.attributes
                0x0000000000000503       0x2d c:/st/stm32cubeide_1.7.0/stm32cubeide/plugins/com.st.stm32cube.ide.mcu.externaltools.gnu-tools-for-stm32.9-2020-q2-update.win32_2.0.0.202105311346/tools/bin/../lib/gcc/arm-none-eabi/9.3.1/../../../../arm-none-eabi/lib/thumb/v7-m/nofp\libc_nano.a(lib_a-sbrkr.o)
 .ARM.attributes
                0x0000000000000530       0x2d c:/st/stm32cubeide_1.7.0/stm32cubeide/plugins/com.st.stm32cube.ide.mcu.externaltools.gnu-tools-for-stm32.9-2020-q2-update.win32_2.0.0.202105311346/tools/bin/../lib/gcc/arm-none-eabi/9.3.1/../../../../arm-none-eabi/lib/thumb/v7-m/nofp\libc_nano.a(lib_a-mlock.o)
 .ARM.attributes
                0x000000000000055d       0x2d c:/st/stm32cubeide_1.7.0/stm32cubeide/plugins/com.st.stm32cube.ide.mcu.externaltools.gnu-tools-for-stm32.9-2020-q2-update.win32_2.0.0.202105311346/tools/bin/../lib/gcc/arm-none-eabi/9.3.1/../../../../arm-none-eabi/lib/thumb/v7-m/nofp\libc_nano.a(lib_a-reent.o)
 .ARM.attributes
                0x000000000000058a       0x2d c:/st/stm32cubeide_1.7.0/stm32cubeide/plugins/com.st.stm32cube.ide.mcu.externaltools.gnu-tools-for-stm32.9-2020-q2-update.win32_2.0.0.202105311346/tools/bin/../lib/gcc/arm-none-eabi/9.3.1/../../../../arm-none-eabi/lib/thumb/v7-m/nofp\libc_nano.a(lib_a-lock.o)
 .ARM.attributes
                0x00000000000005b7       0x1d c:/st/stm32cubeide_1.7.0/stm32cubeide/plugins/com.st.stm32cube.ide.mcu.externaltools.gnu-tools-for-stm32.9-2020-q2-update.win32_2.0.0.202105311346/tools/bin/../lib/gcc/arm-none-eabi/9.3.1/thumb/v7-m/nofp/crtn.o
OUTPUT(bonus.elf elf32-littlearm)
LOAD linker stubs
LOAD c:/st/stm32cubeide_1.7.0/stm32cubeide/plugins/com.st.stm32cube.ide.mcu.externaltools.gnu-tools-for-stm32.9-2020-q2-update.win32_2.0.0.202105311346/tools/bin/../lib/gcc/arm-none-eabi/9.3.1/../../../../arm-none-eabi/lib/thumb/v7-m/nofp\libc.a
LOAD c:/st/stm32cubeide_1.7.0/stm32cubeide/plugins/com.st.stm32cube.ide.mcu.externaltools.gnu-tools-for-stm32.9-2020-q2-update.win32_2.0.0.202105311346/tools/bin/../lib/gcc/arm-none-eabi/9.3.1/../../../../arm-none-eabi/lib/thumb/v7-m/nofp\libm.a
LOAD c:/st/stm32cubeide_1.7.0/stm32cubeide/plugins/com.st.stm32cube.ide.mcu.externaltools.gnu-tools-for-stm32.9-2020-q2-update.win32_2.0.0.202105311346/tools/bin/../lib/gcc/arm-none-eabi/9.3.1/thumb/v7-m/nofp\libgcc.a

.debug_info     0x0000000000000000     0xf4c3
 .debug_info    0x0000000000000000      0x395 ./Core/Src/button.o
 .debug_info    0x0000000000000395      0x3fd ./Core/Src/display7SEG.o
 .debug_info    0x0000000000000792      0xcdc ./Core/Src/fsm_traffic_light.o
 .debug_info    0x000000000000146e      0x17a ./Core/Src/global.o
 .debug_info    0x00000000000015e8      0x7d7 ./Core/Src/i2c-lcd.o
 .debug_info    0x0000000000001dbf     0x1845 ./Core/Src/main.o
 .debug_info    0x0000000000003604      0xe30 ./Core/Src/sched.o
 .debug_info    0x0000000000004434      0x113 ./Core/Src/software_timer.o
 .debug_info    0x0000000000004547      0xe68 ./Core/Src/stm32f1xx_hal_msp.o
 .debug_info    0x00000000000053af      0x7b9 ./Core/Src/stm32f1xx_it.o
 .debug_info    0x0000000000005b68      0xa25 ./Core/Src/sysmem.o
 .debug_info    0x000000000000658d      0x2be ./Core/Src/system_stm32f1xx.o
 .debug_info    0x000000000000684b       0x22 ./Core/Startup/startup_stm32f103rbtx.o
 .debug_info    0x000000000000686d      0x76a ./Drivers/STM32F1xx_HAL_Driver/Src/stm32f1xx_hal.o
 .debug_info    0x0000000000006fd7      0xbdc ./Drivers/STM32F1xx_HAL_Driver/Src/stm32f1xx_hal_cortex.o
 .debug_info    0x0000000000007bb3      0x701 ./Drivers/STM32F1xx_HAL_Driver/Src/stm32f1xx_hal_gpio.o
 .debug_info    0x00000000000082b4     0x27cb ./Drivers/STM32F1xx_HAL_Driver/Src/stm32f1xx_hal_i2c.o
 .debug_info    0x000000000000aa7f      0x893 ./Drivers/STM32F1xx_HAL_Driver/Src/stm32f1xx_hal_rcc.o
 .debug_info    0x000000000000b312     0x2c32 ./Drivers/STM32F1xx_HAL_Driver/Src/stm32f1xx_hal_tim.o
 .debug_info    0x000000000000df44     0x157f ./Drivers/STM32F1xx_HAL_Driver/Src/stm32f1xx_hal_tim_ex.o

.debug_abbrev   0x0000000000000000     0x2576
 .debug_abbrev  0x0000000000000000      0x18f ./Core/Src/button.o
 .debug_abbrev  0x000000000000018f      0x19d ./Core/Src/display7SEG.o
 .debug_abbrev  0x000000000000032c      0x25b ./Core/Src/fsm_traffic_light.o
 .debug_abbrev  0x0000000000000587       0x80 ./Core/Src/global.o
 .debug_abbrev  0x0000000000000607      0x1b2 ./Core/Src/i2c-lcd.o
 .debug_abbrev  0x00000000000007b9      0x322 ./Core/Src/main.o
 .debug_abbrev  0x0000000000000adb      0x2a8 ./Core/Src/sched.o
 .debug_abbrev  0x0000000000000d83       0xef ./Core/Src/software_timer.o
 .debug_abbrev  0x0000000000000e72      0x1c8 ./Core/Src/stm32f1xx_hal_msp.o
 .debug_abbrev  0x000000000000103a      0x176 ./Core/Src/stm32f1xx_it.o
 .debug_abbrev  0x00000000000011b0      0x1bf ./Core/Src/sysmem.o
 .debug_abbrev  0x000000000000136f      0x14e ./Core/Src/system_stm32f1xx.o
 .debug_abbrev  0x00000000000014bd       0x12 ./Core/Startup/startup_stm32f103rbtx.o
 .debug_abbrev  0x00000000000014cf      0x1ed ./Drivers/STM32F1xx_HAL_Driver/Src/stm32f1xx_hal.o
 .debug_abbrev  0x00000000000016bc      0x313 ./Drivers/STM32F1xx_HAL_Driver/Src/stm32f1xx_hal_cortex.o
 .debug_abbrev  0x00000000000019cf      0x1e8 ./Drivers/STM32F1xx_HAL_Driver/Src/stm32f1xx_hal_gpio.o
 .debug_abbrev  0x0000000000001bb7      0x288 ./Drivers/STM32F1xx_HAL_Driver/Src/stm32f1xx_hal_i2c.o
 .debug_abbrev  0x0000000000001e3f      0x273 ./Drivers/STM32F1xx_HAL_Driver/Src/stm32f1xx_hal_rcc.o
 .debug_abbrev  0x00000000000020b2      0x25e ./Drivers/STM32F1xx_HAL_Driver/Src/stm32f1xx_hal_tim.o
 .debug_abbrev  0x0000000000002310      0x266 ./Drivers/STM32F1xx_HAL_Driver/Src/stm32f1xx_hal_tim_ex.o

.debug_aranges  0x0000000000000000      0xe28
 .debug_aranges
                0x0000000000000000       0x50 ./Core/Src/button.o
 .debug_aranges
                0x0000000000000050       0x48 ./Core/Src/display7SEG.o
 .debug_aranges
                0x0000000000000098       0x70 ./Core/Src/fsm_traffic_light.o
 .debug_aranges
                0x0000000000000108       0x18 ./Core/Src/global.o
 .debug_aranges
                0x0000000000000120       0x48 ./Core/Src/i2c-lcd.o
 .debug_aranges
                0x0000000000000168       0x70 ./Core/Src/main.o
 .debug_aranges
                0x00000000000001d8       0x60 ./Core/Src/sched.o
 .debug_aranges
                0x0000000000000238       0x30 ./Core/Src/software_timer.o
 .debug_aranges
                0x0000000000000268       0x40 ./Core/Src/stm32f1xx_hal_msp.o
 .debug_aranges
                0x00000000000002a8       0x68 ./Core/Src/stm32f1xx_it.o
 .debug_aranges
                0x0000000000000310       0x20 ./Core/Src/sysmem.o
 .debug_aranges
                0x0000000000000330       0x28 ./Core/Src/system_stm32f1xx.o
 .debug_aranges
                0x0000000000000358       0x28 ./Core/Startup/startup_stm32f103rbtx.o
 .debug_aranges
                0x0000000000000380       0xe0 ./Drivers/STM32F1xx_HAL_Driver/Src/stm32f1xx_hal.o
 .debug_aranges
                0x0000000000000460      0x100 ./Drivers/STM32F1xx_HAL_Driver/Src/stm32f1xx_hal_cortex.o
 .debug_aranges
                0x0000000000000560       0x58 ./Drivers/STM32F1xx_HAL_Driver/Src/stm32f1xx_hal_gpio.o
 .debug_aranges
                0x00000000000005b8      0x2a8 ./Drivers/STM32F1xx_HAL_Driver/Src/stm32f1xx_hal_i2c.o
 .debug_aranges
                0x0000000000000860       0x90 ./Drivers/STM32F1xx_HAL_Driver/Src/stm32f1xx_hal_rcc.o
 .debug_aranges
                0x00000000000008f0      0x3d0 ./Drivers/STM32F1xx_HAL_Driver/Src/stm32f1xx_hal_tim.o
 .debug_aranges
                0x0000000000000cc0      0x168 ./Drivers/STM32F1xx_HAL_Driver/Src/stm32f1xx_hal_tim_ex.o

.debug_ranges   0x0000000000000000      0xd00
 .debug_ranges  0x0000000000000000       0x40 ./Core/Src/button.o
 .debug_ranges  0x0000000000000040       0x38 ./Core/Src/display7SEG.o
 .debug_ranges  0x0000000000000078       0x60 ./Core/Src/fsm_traffic_light.o
 .debug_ranges  0x00000000000000d8       0x38 ./Core/Src/i2c-lcd.o
 .debug_ranges  0x0000000000000110       0x60 ./Core/Src/main.o
 .debug_ranges  0x0000000000000170       0x50 ./Core/Src/sched.o
 .debug_ranges  0x00000000000001c0       0x20 ./Core/Src/software_timer.o
 .debug_ranges  0x00000000000001e0       0x30 ./Core/Src/stm32f1xx_hal_msp.o
 .debug_ranges  0x0000000000000210       0x58 ./Core/Src/stm32f1xx_it.o
 .debug_ranges  0x0000000000000268       0x10 ./Core/Src/sysmem.o
 .debug_ranges  0x0000000000000278       0x18 ./Core/Src/system_stm32f1xx.o
 .debug_ranges  0x0000000000000290       0x20 ./Core/Startup/startup_stm32f103rbtx.o
 .debug_ranges  0x00000000000002b0       0xd0 ./Drivers/STM32F1xx_HAL_Driver/Src/stm32f1xx_hal.o
 .debug_ranges  0x0000000000000380       0xf0 ./Drivers/STM32F1xx_HAL_Driver/Src/stm32f1xx_hal_cortex.o
 .debug_ranges  0x0000000000000470       0x48 ./Drivers/STM32F1xx_HAL_Driver/Src/stm32f1xx_hal_gpio.o
 .debug_ranges  0x00000000000004b8      0x2b0 ./Drivers/STM32F1xx_HAL_Driver/Src/stm32f1xx_hal_i2c.o
 .debug_ranges  0x0000000000000768       0x80 ./Drivers/STM32F1xx_HAL_Driver/Src/stm32f1xx_hal_rcc.o
 .debug_ranges  0x00000000000007e8      0x3c0 ./Drivers/STM32F1xx_HAL_Driver/Src/stm32f1xx_hal_tim.o
 .debug_ranges  0x0000000000000ba8      0x158 ./Drivers/STM32F1xx_HAL_Driver/Src/stm32f1xx_hal_tim_ex.o

.debug_macro    0x0000000000000000    0x19007
 .debug_macro   0x0000000000000000      0x1ca ./Core/Src/button.o
 .debug_macro   0x00000000000001ca      0xa9c ./Core/Src/button.o
 .debug_macro   0x0000000000000c66      0x21b ./Core/Src/button.o
 .debug_macro   0x0000000000000e81       0x2e ./Core/Src/button.o
 .debug_macro   0x0000000000000eaf       0x22 ./Core/Src/button.o
 .debug_macro   0x0000000000000ed1       0x22 ./Core/Src/button.o
 .debug_macro   0x0000000000000ef3       0x8e ./Core/Src/button.o
 .debug_macro   0x0000000000000f81       0x51 ./Core/Src/button.o
 .debug_macro   0x0000000000000fd2      0x103 ./Core/Src/button.o
 .debug_macro   0x00000000000010d5       0x6a ./Core/Src/button.o
 .debug_macro   0x000000000000113f      0x1df ./Core/Src/button.o
 .debug_macro   0x000000000000131e       0x1c ./Core/Src/button.o
 .debug_macro   0x000000000000133a       0x22 ./Core/Src/button.o
 .debug_macro   0x000000000000135c       0xc3 ./Core/Src/button.o
 .debug_macro   0x000000000000141f      0xd23 ./Core/Src/button.o
 .debug_macro   0x0000000000002142     0xe09e ./Core/Src/button.o
 .debug_macro   0x00000000000101e0       0x6d ./Core/Src/button.o
 .debug_macro   0x000000000001024d     0x34a2 ./Core/Src/button.o
 .debug_macro   0x00000000000136ef      0x174 ./Core/Src/button.o
 .debug_macro   0x0000000000013863       0x5c ./Core/Src/button.o
 .debug_macro   0x00000000000138bf      0x5bc ./Core/Src/button.o
 .debug_macro   0x0000000000013e7b      0x289 ./Core/Src/button.o
 .debug_macro   0x0000000000014104      0x1cb ./Core/Src/button.o
 .debug_macro   0x00000000000142cf      0x114 ./Core/Src/button.o
 .debug_macro   0x00000000000143e3      0x1b2 ./Core/Src/button.o
 .debug_macro   0x0000000000014595       0x27 ./Core/Src/button.o
 .debug_macro   0x00000000000145bc      0x136 ./Core/Src/button.o
 .debug_macro   0x00000000000146f2      0x1bc ./Core/Src/button.o
 .debug_macro   0x00000000000148ae       0x34 ./Core/Src/button.o
 .debug_macro   0x00000000000148e2       0x3c ./Core/Src/button.o
 .debug_macro   0x000000000001491e       0x57 ./Core/Src/button.o
 .debug_macro   0x0000000000014975       0x87 ./Core/Src/button.o
 .debug_macro   0x00000000000149fc      0x240 ./Core/Src/button.o
 .debug_macro   0x0000000000014c3c      0x287 ./Core/Src/button.o
 .debug_macro   0x0000000000014ec3      0x140 ./Core/Src/button.o
 .debug_macro   0x0000000000015003      0x8ed ./Core/Src/button.o
 .debug_macro   0x00000000000158f0       0x83 ./Core/Src/button.o
 .debug_macro   0x0000000000015973       0xdc ./Core/Src/button.o
 .debug_macro   0x0000000000015a4f       0x10 ./Core/Src/button.o
 .debug_macro   0x0000000000015a5f       0x16 ./Core/Src/button.o
 .debug_macro   0x0000000000015a75      0x1d4 ./Core/Src/display7SEG.o
 .debug_macro   0x0000000000015c49       0x22 ./Core/Src/display7SEG.o
 .debug_macro   0x0000000000015c6b       0x76 ./Core/Src/display7SEG.o
 .debug_macro   0x0000000000015ce1      0x389 ./Core/Src/fsm_traffic_light.o
 .debug_macro   0x000000000001606a       0x52 ./Core/Src/fsm_traffic_light.o
 .debug_macro   0x00000000000160bc       0x18 ./Core/Src/fsm_traffic_light.o
 .debug_macro   0x00000000000160d4       0x3c ./Core/Src/fsm_traffic_light.o
 .debug_macro   0x0000000000016110       0x34 ./Core/Src/fsm_traffic_light.o
 .debug_macro   0x0000000000016144       0x16 ./Core/Src/fsm_traffic_light.o
 .debug_macro   0x000000000001615a       0x35 ./Core/Src/fsm_traffic_light.o
 .debug_macro   0x000000000001618f      0x333 ./Core/Src/fsm_traffic_light.o
 .debug_macro   0x00000000000164c2       0x10 ./Core/Src/fsm_traffic_light.o
 .debug_macro   0x00000000000164d2       0x16 ./Core/Src/fsm_traffic_light.o
 .debug_macro   0x00000000000164e8       0x43 ./Core/Src/fsm_traffic_light.o
 .debug_macro   0x000000000001652b       0x34 ./Core/Src/fsm_traffic_light.o
 .debug_macro   0x000000000001655f       0x10 ./Core/Src/fsm_traffic_light.o
 .debug_macro   0x000000000001656f       0x58 ./Core/Src/fsm_traffic_light.o
 .debug_macro   0x00000000000165c7       0x71 ./Core/Src/fsm_traffic_light.o
 .debug_macro   0x0000000000016638       0x1c ./Core/Src/fsm_traffic_light.o
 .debug_macro   0x0000000000016654      0x12a ./Core/Src/fsm_traffic_light.o
 .debug_macro   0x000000000001677e       0x10 ./Core/Src/fsm_traffic_light.o
 .debug_macro   0x000000000001678e       0x1c ./Core/Src/fsm_traffic_light.o
 .debug_macro   0x00000000000167aa       0x52 ./Core/Src/fsm_traffic_light.o
 .debug_macro   0x00000000000167fc       0x22 ./Core/Src/fsm_traffic_light.o
 .debug_macro   0x000000000001681e       0x10 ./Core/Src/fsm_traffic_light.o
 .debug_macro   0x000000000001682e       0x40 ./Core/Src/fsm_traffic_light.o
 .debug_macro   0x000000000001686e       0xd5 ./Core/Src/fsm_traffic_light.o
 .debug_macro   0x0000000000016943       0x1c ./Core/Src/fsm_traffic_light.o
 .debug_macro   0x000000000001695f       0x3d ./Core/Src/fsm_traffic_light.o
 .debug_macro   0x000000000001699c       0x16 ./Core/Src/fsm_traffic_light.o
 .debug_macro   0x00000000000169b2      0x145 ./Core/Src/fsm_traffic_light.o
 .debug_macro   0x0000000000016af7       0x16 ./Core/Src/fsm_traffic_light.o
 .debug_macro   0x0000000000016b0d       0x20 ./Core/Src/fsm_traffic_light.o
 .debug_macro   0x0000000000016b2d       0x7b ./Core/Src/global.o
 .debug_macro   0x0000000000016ba8      0x1ad ./Core/Src/i2c-lcd.o
 .debug_macro   0x0000000000016d55      0x3dd ./Core/Src/main.o
 .debug_macro   0x0000000000017132       0x16 ./Core/Src/main.o
 .debug_macro   0x0000000000017148       0x16 ./Core/Src/main.o
 .debug_macro   0x000000000001715e       0x29 ./Core/Src/main.o
 .debug_macro   0x0000000000017187      0x3b3 ./Core/Src/sched.o
 .debug_macro   0x000000000001753a      0x10e ./Core/Src/sched.o
 .debug_macro   0x0000000000017648       0x8d ./Core/Src/sched.o
 .debug_macro   0x00000000000176d5      0x339 ./Core/Src/sched.o
 .debug_macro   0x0000000000017a0e       0xbd ./Core/Src/sched.o
 .debug_macro   0x0000000000017acb       0x56 ./Core/Src/sched.o
 .debug_macro   0x0000000000017b21       0x1c ./Core/Src/sched.o
 .debug_macro   0x0000000000017b3d       0x1a ./Core/Src/software_timer.o
 .debug_macro   0x0000000000017b57      0x1b2 ./Core/Src/stm32f1xx_hal_msp.o
 .debug_macro   0x0000000000017d09      0x1bc ./Core/Src/stm32f1xx_it.o
 .debug_macro   0x0000000000017ec5       0xff ./Core/Src/sysmem.o
 .debug_macro   0x0000000000017fc4      0x23b ./Core/Src/sysmem.o
 .debug_macro   0x00000000000181ff      0x1a3 ./Core/Src/system_stm32f1xx.o
 .debug_macro   0x00000000000183a2      0x1c7 ./Drivers/STM32F1xx_HAL_Driver/Src/stm32f1xx_hal.o
 .debug_macro   0x0000000000018569      0x1a3 ./Drivers/STM32F1xx_HAL_Driver/Src/stm32f1xx_hal_cortex.o
 .debug_macro   0x000000000001870c      0x20e ./Drivers/STM32F1xx_HAL_Driver/Src/stm32f1xx_hal_gpio.o
 .debug_macro   0x000000000001891a      0x1f1 ./Drivers/STM32F1xx_HAL_Driver/Src/stm32f1xx_hal_i2c.o
 .debug_macro   0x0000000000018b0b      0x1b5 ./Drivers/STM32F1xx_HAL_Driver/Src/stm32f1xx_hal_rcc.o
 .debug_macro   0x0000000000018cc0      0x1a4 ./Drivers/STM32F1xx_HAL_Driver/Src/stm32f1xx_hal_tim.o
 .debug_macro   0x0000000000018e64      0x1a3 ./Drivers/STM32F1xx_HAL_Driver/Src/stm32f1xx_hal_tim_ex.o

.debug_line     0x0000000000000000    0x10e74
 .debug_line    0x0000000000000000      0x853 ./Core/Src/button.o
 .debug_line    0x0000000000000853      0x89e ./Core/Src/display7SEG.o
 .debug_line    0x00000000000010f1      0xe12 ./Core/Src/fsm_traffic_light.o
 .debug_line    0x0000000000001f03      0x399 ./Core/Src/global.o
 .debug_line    0x000000000000229c      0x745 ./Core/Src/i2c-lcd.o
 .debug_line    0x00000000000029e1      0xb13 ./Core/Src/main.o
 .debug_line    0x00000000000034f4      0xbca ./Core/Src/sched.o
 .debug_line    0x00000000000040be       0xd1 ./Core/Src/software_timer.o
 .debug_line    0x000000000000418f      0x703 ./Core/Src/stm32f1xx_hal_msp.o
 .debug_line    0x0000000000004892      0x756 ./Core/Src/stm32f1xx_it.o
 .debug_line    0x0000000000004fe8      0x4f8 ./Core/Src/sysmem.o
 .debug_line    0x00000000000054e0      0x6fa ./Core/Src/system_stm32f1xx.o
 .debug_line    0x0000000000005bda       0x86 ./Core/Startup/startup_stm32f103rbtx.o
 .debug_line    0x0000000000005c60      0x927 ./Drivers/STM32F1xx_HAL_Driver/Src/stm32f1xx_hal.o
 .debug_line    0x0000000000006587      0xb0f ./Drivers/STM32F1xx_HAL_Driver/Src/stm32f1xx_hal_cortex.o
 .debug_line    0x0000000000007096      0x9c0 ./Drivers/STM32F1xx_HAL_Driver/Src/stm32f1xx_hal_gpio.o
 .debug_line    0x0000000000007a56     0x3abd ./Drivers/STM32F1xx_HAL_Driver/Src/stm32f1xx_hal_i2c.o
 .debug_line    0x000000000000b513      0xd33 ./Drivers/STM32F1xx_HAL_Driver/Src/stm32f1xx_hal_rcc.o
 .debug_line    0x000000000000c246     0x33c1 ./Drivers/STM32F1xx_HAL_Driver/Src/stm32f1xx_hal_tim.o
 .debug_line    0x000000000000f607     0x186d ./Drivers/STM32F1xx_HAL_Driver/Src/stm32f1xx_hal_tim_ex.o

.debug_str      0x0000000000000000    0x8b8cc
 .debug_str     0x0000000000000000    0x83455 ./Core/Src/button.o
                                      0x837a3 (size before relaxing)
 .debug_str     0x0000000000083455      0x269 ./Core/Src/display7SEG.o
                                      0x838d1 (size before relaxing)
 .debug_str     0x00000000000836be     0x41a6 ./Core/Src/fsm_traffic_light.o
                                      0x87aeb (size before relaxing)
 .debug_str     0x0000000000087864       0x15 ./Core/Src/global.o
                                       0x3e2b (size before relaxing)
 .debug_str     0x0000000000087879      0x48e ./Core/Src/i2c-lcd.o
                                      0x8385b (size before relaxing)
 .debug_str     0x0000000000087d07      0x694 ./Core/Src/main.o
                                      0x88573 (size before relaxing)
 .debug_str     0x000000000008839b      0x19b ./Core/Src/sched.o
                                      0x87c32 (size before relaxing)
 .debug_str     0x0000000000088536       0x51 ./Core/Src/software_timer.o
                                       0x2de4 (size before relaxing)
 .debug_str     0x0000000000088587      0x31b ./Core/Src/stm32f1xx_hal_msp.o
                                      0x84186 (size before relaxing)
 .debug_str     0x00000000000888a2       0xcd ./Core/Src/stm32f1xx_it.o
                                      0x83bb1 (size before relaxing)
 .debug_str     0x000000000008896f      0x4e9 ./Core/Src/sysmem.o
                                       0x6242 (size before relaxing)
 .debug_str     0x0000000000088e58       0x52 ./Core/Src/system_stm32f1xx.o
                                      0x833d9 (size before relaxing)
 .debug_str     0x0000000000088eaa       0x56 ./Core/Startup/startup_stm32f103rbtx.o
 .debug_str     0x0000000000088f00      0x304 ./Drivers/STM32F1xx_HAL_Driver/Src/stm32f1xx_hal.o
                                      0x83a6a (size before relaxing)
 .debug_str     0x0000000000089204      0x300 ./Drivers/STM32F1xx_HAL_Driver/Src/stm32f1xx_hal_cortex.o
                                      0x83a72 (size before relaxing)
 .debug_str     0x0000000000089504      0x324 ./Drivers/STM32F1xx_HAL_Driver/Src/stm32f1xx_hal_gpio.o
                                      0x8379d (size before relaxing)
 .debug_str     0x0000000000089828      0xb9a ./Drivers/STM32F1xx_HAL_Driver/Src/stm32f1xx_hal_i2c.o
                                      0x84468 (size before relaxing)
 .debug_str     0x000000000008a3c2      0x244 ./Drivers/STM32F1xx_HAL_Driver/Src/stm32f1xx_hal_rcc.o
                                      0x837d6 (size before relaxing)
 .debug_str     0x000000000008a606      0xdd8 ./Drivers/STM32F1xx_HAL_Driver/Src/stm32f1xx_hal_tim.o
                                      0x847bf (size before relaxing)
 .debug_str     0x000000000008b3de      0x4ee ./Drivers/STM32F1xx_HAL_Driver/Src/stm32f1xx_hal_tim_ex.o
                                      0x83f60 (size before relaxing)

.comment        0x0000000000000000       0x53
 .comment       0x0000000000000000       0x53 ./Core/Src/button.o
                                         0x54 (size before relaxing)
 .comment       0x0000000000000053       0x54 ./Core/Src/display7SEG.o
 .comment       0x0000000000000053       0x54 ./Core/Src/fsm_traffic_light.o
 .comment       0x0000000000000053       0x54 ./Core/Src/global.o
 .comment       0x0000000000000053       0x54 ./Core/Src/i2c-lcd.o
 .comment       0x0000000000000053       0x54 ./Core/Src/main.o
 .comment       0x0000000000000053       0x54 ./Core/Src/sched.o
 .comment       0x0000000000000053       0x54 ./Core/Src/software_timer.o
 .comment       0x0000000000000053       0x54 ./Core/Src/stm32f1xx_hal_msp.o
 .comment       0x0000000000000053       0x54 ./Core/Src/stm32f1xx_it.o
 .comment       0x0000000000000053       0x54 ./Core/Src/sysmem.o
 .comment       0x0000000000000053       0x54 ./Core/Src/system_stm32f1xx.o
 .comment       0x0000000000000053       0x54 ./Drivers/STM32F1xx_HAL_Driver/Src/stm32f1xx_hal.o
 .comment       0x0000000000000053       0x54 ./Drivers/STM32F1xx_HAL_Driver/Src/stm32f1xx_hal_cortex.o
 .comment       0x0000000000000053       0x54 ./Drivers/STM32F1xx_HAL_Driver/Src/stm32f1xx_hal_gpio.o
 .comment       0x0000000000000053       0x54 ./Drivers/STM32F1xx_HAL_Driver/Src/stm32f1xx_hal_i2c.o
 .comment       0x0000000000000053       0x54 ./Drivers/STM32F1xx_HAL_Driver/Src/stm32f1xx_hal_rcc.o
 .comment       0x0000000000000053       0x54 ./Drivers/STM32F1xx_HAL_Driver/Src/stm32f1xx_hal_tim.o
 .comment       0x0000000000000053       0x54 ./Drivers/STM32F1xx_HAL_Driver/Src/stm32f1xx_hal_tim_ex.o

.debug_frame    0x0000000000000000     0x3b58
 .debug_frame   0x0000000000000000       0xf4 ./Core/Src/button.o
 .debug_frame   0x00000000000000f4       0xdc ./Core/Src/display7SEG.o
 .debug_frame   0x00000000000001d0      0x158 ./Core/Src/fsm_traffic_light.o
 .debug_frame   0x0000000000000328       0xd8 ./Core/Src/i2c-lcd.o
 .debug_frame   0x0000000000000400      0x170 ./Core/Src/main.o
 .debug_frame   0x0000000000000570      0x14c ./Core/Src/sched.o
 .debug_frame   0x00000000000006bc       0x88 ./Core/Src/software_timer.o
 .debug_frame   0x0000000000000744       0xc8 ./Core/Src/stm32f1xx_hal_msp.o
 .debug_frame   0x000000000000080c      0x120 ./Core/Src/stm32f1xx_it.o
 .debug_frame   0x000000000000092c       0x34 ./Core/Src/sysmem.o
 .debug_frame   0x0000000000000960       0x58 ./Core/Src/system_stm32f1xx.o
 .debug_frame   0x00000000000009b8      0x334 ./Drivers/STM32F1xx_HAL_Driver/Src/stm32f1xx_hal.o
 .debug_frame   0x0000000000000cec      0x428 ./Drivers/STM32F1xx_HAL_Driver/Src/stm32f1xx_hal_cortex.o
 .debug_frame   0x0000000000001114      0x14c ./Drivers/STM32F1xx_HAL_Driver/Src/stm32f1xx_hal_gpio.o
 .debug_frame   0x0000000000001260      0xc84 ./Drivers/STM32F1xx_HAL_Driver/Src/stm32f1xx_hal_i2c.o
 .debug_frame   0x0000000000001ee4      0x218 ./Drivers/STM32F1xx_HAL_Driver/Src/stm32f1xx_hal_rcc.o
 .debug_frame   0x00000000000020fc     0x11b8 ./Drivers/STM32F1xx_HAL_Driver/Src/stm32f1xx_hal_tim.o
 .debug_frame   0x00000000000032b4      0x638 ./Drivers/STM32F1xx_HAL_Driver/Src/stm32f1xx_hal_tim_ex.o
 .debug_frame   0x00000000000038ec       0x20 c:/st/stm32cubeide_1.7.0/stm32cubeide/plugins/com.st.stm32cube.ide.mcu.externaltools.gnu-tools-for-stm32.9-2020-q2-update.win32_2.0.0.202105311346/tools/bin/../lib/gcc/arm-none-eabi/9.3.1/../../../../arm-none-eabi/lib/thumb/v7-m/nofp\libc_nano.a(lib_a-errno.o)
 .debug_frame   0x000000000000390c       0x2c c:/st/stm32cubeide_1.7.0/stm32cubeide/plugins/com.st.stm32cube.ide.mcu.externaltools.gnu-tools-for-stm32.9-2020-q2-update.win32_2.0.0.202105311346/tools/bin/../lib/gcc/arm-none-eabi/9.3.1/../../../../arm-none-eabi/lib/thumb/v7-m/nofp\libc_nano.a(lib_a-init.o)
 .debug_frame   0x0000000000003938       0x30 c:/st/stm32cubeide_1.7.0/stm32cubeide/plugins/com.st.stm32cube.ide.mcu.externaltools.gnu-tools-for-stm32.9-2020-q2-update.win32_2.0.0.202105311346/tools/bin/../lib/gcc/arm-none-eabi/9.3.1/../../../../arm-none-eabi/lib/thumb/v7-m/nofp\libc_nano.a(lib_a-malloc.o)
 .debug_frame   0x0000000000003968       0x20 c:/st/stm32cubeide_1.7.0/stm32cubeide/plugins/com.st.stm32cube.ide.mcu.externaltools.gnu-tools-for-stm32.9-2020-q2-update.win32_2.0.0.202105311346/tools/bin/../lib/gcc/arm-none-eabi/9.3.1/../../../../arm-none-eabi/lib/thumb/v7-m/nofp\libc_nano.a(lib_a-memset.o)
 .debug_frame   0x0000000000003988       0x38 c:/st/stm32cubeide_1.7.0/stm32cubeide/plugins/com.st.stm32cube.ide.mcu.externaltools.gnu-tools-for-stm32.9-2020-q2-update.win32_2.0.0.202105311346/tools/bin/../lib/gcc/arm-none-eabi/9.3.1/../../../../arm-none-eabi/lib/thumb/v7-m/nofp\libc_nano.a(lib_a-nano-freer.o)
 .debug_frame   0x00000000000039c0       0x30 c:/st/stm32cubeide_1.7.0/stm32cubeide/plugins/com.st.stm32cube.ide.mcu.externaltools.gnu-tools-for-stm32.9-2020-q2-update.win32_2.0.0.202105311346/tools/bin/../lib/gcc/arm-none-eabi/9.3.1/../../../../arm-none-eabi/lib/thumb/v7-m/nofp\libc_nano.a(lib_a-nano-mallocr.o)
 .debug_frame   0x00000000000039f0       0x2c c:/st/stm32cubeide_1.7.0/stm32cubeide/plugins/com.st.stm32cube.ide.mcu.externaltools.gnu-tools-for-stm32.9-2020-q2-update.win32_2.0.0.202105311346/tools/bin/../lib/gcc/arm-none-eabi/9.3.1/../../../../arm-none-eabi/lib/thumb/v7-m/nofp\libc_nano.a(lib_a-sbrkr.o)
 .debug_frame   0x0000000000003a1c       0x30 c:/st/stm32cubeide_1.7.0/stm32cubeide/plugins/com.st.stm32cube.ide.mcu.externaltools.gnu-tools-for-stm32.9-2020-q2-update.win32_2.0.0.202105311346/tools/bin/../lib/gcc/arm-none-eabi/9.3.1/../../../../arm-none-eabi/lib/thumb/v7-m/nofp\libc_nano.a(lib_a-mlock.o)
 .debug_frame   0x0000000000003a4c       0x5c c:/st/stm32cubeide_1.7.0/stm32cubeide/plugins/com.st.stm32cube.ide.mcu.externaltools.gnu-tools-for-stm32.9-2020-q2-update.win32_2.0.0.202105311346/tools/bin/../lib/gcc/arm-none-eabi/9.3.1/../../../../arm-none-eabi/lib/thumb/v7-m/nofp\libc_nano.a(lib_a-reent.o)
 .debug_frame   0x0000000000003aa8       0xb0 c:/st/stm32cubeide_1.7.0/stm32cubeide/plugins/com.st.stm32cube.ide.mcu.externaltools.gnu-tools-for-stm32.9-2020-q2-update.win32_2.0.0.202105311346/tools/bin/../lib/gcc/arm-none-eabi/9.3.1/../../../../arm-none-eabi/lib/thumb/v7-m/nofp\libc_nano.a(lib_a-lock.o)
